******************************************************************************
               TMS320C6x Linker PC v7.4.4                      
******************************************************************************
>> Linked Wed Jan 08 11:03:42 2020

OUTPUT FILE NAME:   <NDK_TCP.out>
ENTRY POINT SYMBOL: "_c_int00"  address: cc955e20


MEMORY CONFIGURATION

         name            origin    length      used     unused   attr    fill
----------------------  --------  ---------  --------  --------  ----  --------
  MSMCSRAM              0c000000   00400000  00000000  00400000  RW X
  L2SRAM_IBL_RESERVED   10800000   00020000  00000000  00020000  RW X
  L2SRAM                10820000   00060000  0000183a  0005e7c6  RW X
  DDR3                  c0000000   40000000  0ca0d154  335f2eac  RW X


SEGMENT ALLOCATION MAP

run origin  load origin   length   init length attrs members
----------  ----------- ---------- ----------- ----- -------
10820000    10820000    0000183a   0000183a    rw-
  10820000    10820000    0000183a   0000183a    rw- .fardata
c0000000    c0000000    0c900000   00000000    rw-
  c0000000    c0000000    0c800000   00000000    rw- systemHeap
  cc800000    cc800000    00100000   00000000    rw- .stack
cc900000    cc900000    0005ede0   0005ede0    r-x
  cc900000    cc900000    0005ede0   0005ede0    r-x .text
cc95ede0    cc95ede0    00000020   00000020    rw-
  cc95ede0    cc95ede0    00000020   00000020    rw- .far.1
cc95ee00    cc95ee00    00072b00   00000000    rw-
  cc95ee00    cc95ee00    00052b00   00000000    rw- .far:NDK_PACKETMEM
  cc9b1900    cc9b1900    00020000   00000000    rw- .resmgr_memregion
cc9d1900    cc9d1900    0001f124   0001f124    rw-
  cc9d1900    cc9d1900    0001f124   0001f124    rw- .far.2
cc9f0a30    cc9f0a30    0000a990   0000a990    r--
  cc9f0a30    cc9f0a30    0000a990   0000a990    r-- .const
cc9fb3c0    cc9fb3c0    0000a800   00000000    rw-
  cc9fb3c0    cc9fb3c0    0000a800   00000000    rw- .far:taskStackSection
cca05bc0    cca05bc0    0000003c   0000003c    r--
  cca05bc0    cca05bc0    0000003c   0000003c    r-- .switch.1
cca05c00    cca05c00    00003888   00000000    rw-
  cca05c00    cca05c00    00002400   00000000    rw- .qmss
  cca08000    cca08000    00001488   00000000    rw- .resmgr_pa
cca09488    cca09488    00001370   00001370    rw-
  cca09488    cca09488    00001370   00001370    rw- platform_lib
cca0a800    cca0a800    00000600   00000000    rw-
  cca0a800    cca0a800    00000600   00000000    rw- .far:NDK_OBJMEM
cca0ae00    cca0ae00    00000498   00000498    rw-
  cca0ae00    cca0ae00    00000498   00000498    rw- .nimu_eth_ll2
cca0b298    cca0b298    00000380   00000380    r--
  cca0b298    cca0b298    00000380   00000380    r-- .switch.2
cca0b618    cca0b618    00000060   00000000    rw-
  cca0b618    cca0b618    00000060   00000000    rw- .bss
cca0b678    cca0b678    000001bd   000001bd    rw-
  cca0b678    cca0b678    000001bd   000001bd    rw- .neardata
cca0b838    cca0b838    0000003c   0000003c    r--
  cca0b838    cca0b838    0000003c   0000003c    r-- .rodata
cca0b880    cca0b880    00000320   00000000    rw-
  cca0b880    cca0b880    00000200   00000000    rw- .cppi
  cca0ba80    cca0ba80    00000120   00000000    rw- .cio
cca0bc00    cca0bc00    00000200   00000200    r-x
  cca0bc00    cca0bc00    00000200   00000200    r-x .vecs
cca0be00    cca0be00    000000a0   00000000    rw-
  cca0be00    cca0be00    000000a0   00000000    rw- .resmgr_handles
cca0bea0    cca0bea0    00001338   00001338    r--
  cca0bea0    cca0bea0    00001338   00001338    r-- .cinit


SECTION ALLOCATION MAP

 output                                  attributes/
section   page    origin      length       input sections
--------  ----  ----------  ----------   ----------------
.init_array 
*          0    10820000    00000000     UNINITIALIZED

.fardata   0    10820000    0000183a     
                  10820000    000006e8     app_pe66.oe66 (.fardata)
                  108206e8    000001e0     rts6600_elf.lib : defs.obj (.fardata:_ftable)
                  108208c8    00000180     app_pe66.oe66 (.fardata:ti_sysbios_timers_timer64_Timer_Module_State_0_device__A)
                  10820a48    00000170     app_pe66.oe66 (.fardata:ti_uia_runtime_LoggerCircBuf_Object__table__V)
                  10820bb8    00000120     resourcemgr.obj (.fardata:qmssGblCfgParams)
                  10820cd8    000000f0     app_pe66.oe66 (.fardata:ti_sysbios_knl_Task_Object__table__V)
                  10820dc8    000000b4     stk6_ppp_pppoe.ae66 : exec.oe66 (.fardata)
                  10820e7c    00000004     rts6600_elf.lib : defs.obj (.fardata)
                  10820e80    000000a0                     : lowlev.obj (.fardata:_stream)
                  10820f20    00000080     app_pe66.oe66 (.fardata:ti_sysbios_knl_Swi_Module_State_0_readyQ__A)
                  10820fa0    00000080     app_pe66.oe66 (.fardata:ti_sysbios_knl_Task_Module_State_0_readyQ__A)
                  10821020    00000080     app_pe66.oe66 (.fardata:ti_sysbios_timers_timer64_Timer_Module_State_0_gctrl__A)
                  108210a0    00000080     app_pe66.oe66 (.fardata:ti_sysbios_timers_timer64_Timer_Module_State_0_handles__A)
                  10821120    00000080     app_pe66.oe66 (.fardata:ti_sysbios_timers_timer64_Timer_Module_State_0_intFreqs__A)
                  108211a0    00000078     rts6600_elf.lib : lowlev.obj (.fardata:_device)
                  10821218    00000078     resourcemgr.obj (.fardata:cppiGblCfgParams)
                  10821290    00000078     app_pe66.oe66 (.fardata:ti_sysbios_family_c64p_Hwi_Object__table__V)
                  10821308    00000054     app_pe66.oe66 (.fardata:ti_sysbios_utils_Load_Module_State_0_taskEnv__A)
                  1082135c    00000004     rts6600_elf.lib : dtor_list.obj (.fardata)
                  10821360    00000050     stk6_ppp_pppoe.ae66 : exec.oe66 (.fardata:tasks)
                  108213b0    0000004d     nettool.ae66 : dhcptags.oe66 (.fardata:DHCPTypeCode)
                  108213fd    00000003     --HOLE--
                  10821400    0000004c     app_pe66.oe66 (.fardata:ti_sysbios_timers_timer64_Timer_Object__table__V)
                  1082144c    00000004     rts6600_elf.lib : fopen.obj (.fardata)
                  10821450    00000048     app_pe66.oe66 (.fardata:xdc_runtime_LoggerBuf_Object__table__V)
                  10821498    00000008     rts6600_elf.lib : _lock.obj (.fardata)
                  108214a0    00000040     netctrl.ae66 : netsrv.oe66 (.fardata:CloseOrder)
                  108214e0    00000040                  : netsrv.oe66 (.fardata:OpenOrder)
                  10821520    00000040     stk6_ppp_pppoe.ae66 : md5.oe66 (.fardata:PADDING)
                  10821560    00000040     nettool.ae66 : httpsend.oe66 (.fardata:codestr)
                  108215a0    00000040     app_pe66.oe66 (.fardata:ti_sysbios_gates_GateMutex_Object__table__V)
                  108215e0    00000034     stk6_ppp_pppoe.ae66 : tcp6time.oe66 (.fardata:tcp_backoff)
                  10821614    0000000c     rts6600_elf.lib : exit.obj (.fardata)
                  10821620    00000034     stk6_ppp_pppoe.ae66 : tcptime.oe66 (.fardata:tcp_backoff)
                  10821654    00000004     rts6600_elf.lib : lowlev.obj (.fardata)
                  10821658    00000030     app_pe66.oe66 (.fardata:ti_sysbios_heaps_HeapMem_Object__table__V)
                  10821688    00000030     app_pe66.oe66 (.fardata:ti_sysbios_knl_Swi_Object__table__V)
                  108216b8    00000024     os.ae66 : ossys.oe66 (.fardata)
                  108216dc    00000004     ti.drv.cppi.ae66 : cppi_drv.oe66 (.fardata)
                  108216e0    00000020     ti.drv.qmss.ae66 : qmss_drv.oe66 (.fardata:Qmss_highEoiVector)
                  10821700    00000020     stk6_ppp_pppoe.ae66 : rtc.oe66 (.fardata:pstrMsgName)
                  10821720    00000020     app_pe66.oe66 (.fardata:xdc_runtime_System_Module_State_0_atexitHandlers__A)
                  10821740    00000018     Net.obj (.fardata:TaskName)
                  10821758    00000014     Net.obj (.fardata:ReportStr)
                  1082176c    00000004     ti.drv.pa.ae66 : painit.oe66 (.fardata)
                  10821770    00000014     Net.obj (.fardata:StatusStr)
                  10821784    00000004     --HOLE--
                  10821788    00000008     app_pe66.oe66 (.fardata:ti_sysbios_hal_Hwi_Object__table__V)
                  10821790    00000014     stk6_ppp_pppoe.ae66 : sock6pcb.oe66 (.fardata:pSockList)
                  108217a4    00000004     --HOLE--
                  108217a8    00000008     app_pe66.oe66 (.fardata:ti_sysbios_hal_Timer_Object__table__V)
                  108217b0    00000014     stk6_ppp_pppoe.ae66 : sockpcb.oe66 (.fardata:pSockList)
                  108217c4    00000004     --HOLE--
                  108217c8    00000010     ti.drv.qmss.ae66 : qmss_drv.oe66 (.fardata:Qmss_lowEoiVector)
                  108217d8    0000000c     ti.transport.ndk.nimu.ae66 : nimu_eth.obj (.fardata:NIMUDeviceTable)
                  108217e4    00000004     --HOLE--
                  108217e8    00000004     app_pe66.oe66 (.fardata:ti_sysbios_gates_GateHwi_Object__table__V)
                  108217ec    00000004     --HOLE--
                  108217f0    0000000b     stk6_ppp_pppoe.ae66 : tcp6out.oe66 (.fardata:tcp_outflags)
                  108217fb    00000005     --HOLE--
                  10821800    0000000b                         : tcpout.oe66 (.fardata:tcp_outflags)
                  1082180b    00000005     --HOLE--
                  10821810    00000006                         : nimupppoe.oe66 (.fardata:MacBCast)
                  10821816    00000002     --HOLE--
                  10821818    00000004     app_pe66.oe66 (.fardata:ti_sysbios_knl_Task_Module_State_0_idleTask__A)
                  1082181c    00000004     --HOLE--
                  10821820    00000006     stk6_ppp_pppoe.ae66 : lliout.oe66 (.fardata:bEtherBCast)
                  10821826    00000002     --HOLE--
                  10821828    00000004     app_pe66.oe66 (.fardata:ti_sysbios_utils_Load_Module_State_0_runningTask__A)
                  1082182c    00000004     --HOLE--
                  10821830    00000004     app_pe66.oe66 (.fardata:ti_sysbios_utils_Load_Module_State_0_taskStartTime__A)
                  10821834    00000004     --HOLE--
                  10821838    00000002     ti.drv.qmss.ae66 : qmss_drv.oe66 (.fardata:Qmss_cdmaEoiVector)

systemHeap 
*          0    c0000000    0c800000     UNINITIALIZED
                  c0000000    0c800000     app_pe66.oe66 (systemHeap)

xdc.meta   0    c0000000    000000f0     COPY SECTION
                  c0000000    000000f0     app_pe66.oe66 (xdc.meta)

.stack     0    cc800000    00100000     UNINITIALIZED
                  cc800000    00000008     boot.ae66 : boot.oe66 (.stack)
                  cc800008    000ffff8     --HOLE--

.text      0    cc900000    0005ede0     
                  cc900000    00003d40     ti.transport.ndk.nimu.ae66 : nimu_eth.obj (.text)
                  cc903d40    00001fe0     Tronlong.DSP.C6678.Platform.le66 : platform.obj (.text)
                  cc905d20    00001b40                                      : evmc6678.obj (.text)
                  cc907860    00001a00     stk6_ppp_pppoe.ae66 : tcpin.oe66 (.text:TcpInput)
                  cc909260    000019a0                         : tcp6in.oe66 (.text:TCP6Input)
                  cc90ac00    00001260     Tronlong.DSP.C6678.Platform.le66 : evm66x_nand.obj (.text)
                  cc90be60    00001240     stk6_ppp_pppoe.ae66 : tcpout.oe66 (.text:TcpOutput)
                  cc90d0a0    00001180                         : tcp6out.oe66 (.text:TCP6Output)
                  cc90e220    00000d80     Tronlong.DSP.C6678.Platform.le66 : evmc66x_i2c_eeprom.obj (.text)
                  cc90efa0    00000d00     resourcemgr.obj (.text)
                  cc90fca0    00000b80     stk6_ppp_pppoe.ae66 : ipin.oe66 (.text:IPRxPacket)
                  cc910820    00000aa0                         : md5.oe66 (.text:MD5Transform)
                  cc9112c0    000009c0                         : ipout.oe66 (.text:IPTxPacket)
                  cc911c80    000009a0                         : lcp.oe66 (.text:lcpInput)
                  cc912620    000008a0     nettool.ae66 : httpclie.oe66 (.text:httpClientProcess)
                  cc912ec0    000008a0     ti.targets.rts6000.ae66 : System.oe66 (.text:xdc_runtime_System_doPrint__I)
                  cc913760    000007e0     ti.drv.qmss.ae66 : qmss_drv.oe66 (.text:Qmss_insertMemoryRegion)
                  cc913f40    000007e0     stk6_ppp_pppoe.ae66 : ipcp.oe66 (.text:ipcpInput)
                  cc914720    000007c0     nettool.ae66 : httpsend.oe66 (.text:SetContentType)
                  cc914ee0    000007c0     stk6_ppp_pppoe.ae66 : sock.oe66 (.text:SockSet)
                  cc9156a0    000007a0                         : fileuser.oe66 (.text:fdPoll)
                  cc915e40    00000780     sysbios.ae66 : BIOS.obj (.text:ti_sysbios_family_c64p_Exception_handler__I)
                  cc9165c0    00000720     ti.drv.pa.ae66 : pa.oe66 (.text:Pa_addMac)
                  cc916ce0    00000700     sysbios.ae66 : BIOS.obj (.text:ti_sysbios_knl_Semaphore_pend__E)
                  cc9173e0    000006c0     nettool.ae66 : telnetd.oe66 (.text:telnet_netdata)
                  cc917aa0    00000680     stk6_ppp_pppoe.ae66 : icmpv6_ndisc.oe66 (.text:ICMPv6RecvRA)
                  cc918120    00000660     ti.drv.cppi.ae66 : cppi_drv.oe66 (.text:Cppi_configureRxFlow)
                  cc918780    00000660     sysbios.ae66 : BIOS.obj (.text:ti_sysbios_heaps_HeapMem_alloc__E)
                  cc918de0    00000660                  : BIOS.obj (.text:ti_sysbios_knl_Task_Instance_finalize__F)
                  cc919440    00000620     stk6_ppp_pppoe.ae66 : route6.oe66 (.text:Rt6Create)
                  cc919a60    000005e0     sysbios.ae66 : BIOS.obj (.text:ti_sysbios_heaps_HeapMem_free__E)
                  cc91a040    000005c0     stk6_ppp_pppoe.ae66 : ipfrag.oe66 (.text:IPReasm)
                  cc91a600    000005c0     rts6600_elf.lib : divd.obj (.text:__c6xabi_divd)
                  cc91abc0    000005c0                     : _printfi.obj (.text:_getarg_diouxp)
                  cc91b180    000005a0     stk6_ppp_pppoe.ae66 : icmpin.oe66 (.text:ICMPInput)
                  cc91b720    000005a0     Tronlong.DSP.C6678.Platform.le66 : evmc66x_spi.obj (.text)
                  cc91bcc0    000005a0     sysbios.ae66 : BIOS.obj (.text:ti_sysbios_timers_timer64_Timer_Module_startup__F)
                  cc91c260    00000580     stk6_ppp_pppoe.ae66 : nimuppp.oe66 (.text:pppEvent)
                  cc91c7e0    00000560                         : ipv6.oe66 (.text:IPv6IPAddressToString)
                  cc91cd40    00000560     Tronlong.DSP.C6678.Platform.le66 : evmc6678_phy.obj (.text)
                  cc91d2a0    00000520     stk6_ppp_pppoe.ae66 : sock.oe66 (.text:SockNew)
                  cc91d7c0    00000520     Tronlong.DSP.C6678.Platform.le66 : evmc66x_nor.obj (.text)
                  cc91dce0    000004e0     Net.obj (.text)
                  cc91e1c0    000004e0     stk6_ppp_pppoe.ae66 : udp.oe66 (.text:UdpInput)
                  cc91e6a0    000004e0                         : nimupppoe.oe66 (.text:pppoeInputS)
                  cc91eb80    000004c0     ti.drv.cppi.ae66 : cppi_drv.oe66 (.text:Cppi_txChannelOpen)
                  cc91f040    000004c0     stk6_ppp_pppoe.ae66 : sock6.oe66 (.text:Sock6Connect)
                  cc91f500    000004c0                         : sock6.oe66 (.text:Sock6Set)
                  cc91f9c0    000004c0     Tronlong.DSP.C6678.Platform.le66 : evmc66x_fpga.obj (.text)
                  cc91fe80    000004a0     stk6_ppp_pppoe.ae66 : bind6.oe66 (.text:Bind6New)
                  cc920320    000004a0                         : lliin.oe66 (.text:LLIRxPacket)
                  cc9207c0    000004a0                         : sock6.oe66 (.text:Sock6Recv)
                  cc920c60    000004a0                         : sock.oe66 (.text:SockRecv)
                  cc921100    00000480     sysbios.ae66 : BIOS.obj (.text:ti_sysbios_knl_Task_Module_startup__F)
                  cc921580    00000460     rts6600_elf.lib : _printfi.obj (.text:_printfi)
                  cc9219e0    00000460                     : _printfi.obj (.text:_setfield)
                  cc921e40    00000460     stk6_ppp_pppoe.ae66 : nimuppp.oe66 (.text:pppNew)
                  cc9222a0    00000440     ti.drv.cppi.ae66 : cppi_drv.oe66 (.text:Cppi_rxChannelOpen)
                  cc9226e0    00000440     stk6_ppp_pppoe.ae66 : sock6.oe66 (.text:Sock6New)
                  cc922b20    00000440                         : auth.oe66 (.text:chapInput)
                  cc922f60    00000440                         : fileuser.oe66 (.text:fdSelect)
                  cc9233a0    00000440                         : nimupppoe.oe66 (.text:pppoeInputC)
                  cc9237e0    00000440     sysbios.ae66 : BIOS.obj (.text:ti_sysbios_knl_Task_sleep__E)
                  cc923c20    00000420     nettool.ae66 : daemon.oe66 (.text:daemon)
                  cc924040    00000420     ti.drv.pa.ae66 : pa.oe66 (.text:pa_conv_routing_info)
                  cc924460    00000400     stk6_ppp_pppoe.ae66 : sock6.oe66 (.text:Sock6Send)
                  cc924860    00000400     os.ae66 : efs.oe66 (.text:efs_filecheck)
                  cc924c60    000003e0     stk6_ppp_pppoe.ae66 : ipv6_frag.oe66 (.text:IPv6TxFragPacket)
                  cc925040    000003e0     sysbios.ae66 : BIOS.obj (.text:ti_sysbios_knl_Task_setPri__E)
                  cc925420    000003c0     ti.drv.cppi.ae66 : cppi_desc.oe66 (.text:Cppi_initDescriptor)
                  cc9257e0    000003c0     stk6_ppp_pppoe.ae66 : ipv6out.oe66 (.text:IPv6TxPacket)
                  cc925ba0    000003c0                         : lli6.oe66 (.text:LLI6TimerCheck)
                  cc925f60    000003c0                         : sock.oe66 (.text:SockSend)
                  cc926320    000003c0                         : tcp6.oe66 (.text:TCP6TimeoutCheck)
                  cc9266e0    000003c0                         : tcp.oe66 (.text:TcpTimeoutCheck)
                  cc926aa0    000003c0     sysbios.ae66 : BIOS.obj (.text:ti_sysbios_knl_Task_Instance_init__F)
                  cc926e60    000003a0     stk6_ppp_pppoe.ae66 : nimu.oe66 (.text:NIMUIoctl)
                  cc927200    000003a0                         : route.oe66 (.text:RtCreate)
                  cc9275a0    000003a0                         : sb.oe66 (.text:SBRead)
                  cc927940    000003a0     os.ae66 : mem.oe66 (.text:_mmCheck)
                  cc927ce0    000003a0     rts6600_elf.lib : fputs.obj (.text:fputs)
                  cc928080    000003a0     stk6_ppp_pppoe.ae66 : auth.oe66 (.text:papInput)
                  cc928420    00000380                         : icmpv6in.oe66 (.text:ICMPv6RxPacket)
                  cc9287a0    00000380                         : igmp.oe66 (.text:IGMPInput)
                  cc928b20    00000380                         : sock6int.oe66 (.text:Sock6Notify)
                  cc928ea0    00000380                         : sock.oe66 (.text:SockConnect)
                  cc929220    00000380                         : sockint.oe66 (.text:SockNotify)
                  cc9295a0    00000380     nettool.ae66 : dhcppkt.oe66 (.text:dhcpPacketProcess)
                  cc929920    00000360     stk6_ppp_pppoe.ae66 : icmpv6out.oe66 (.text:ICMPv6SendParameterProblem)
                  cc929c80    00000360                         : ipv6_frag.oe66 (.text:IPv6FragReasm)
                  cc929fe0    00000360                         : lliout.oe66 (.text:LLITxIpPacket)
                  cc92a340    00000360     sysbios.ae66 : BIOS.obj (.text:ti_sysbios_family_c64p_Hwi_dispatchCore__I)
                  cc92a6a0    00000360                  : BIOS.obj (.text:ti_sysbios_knl_Clock_Instance_init__F)
                  cc92aa00    00000360                  : BIOS.obj (.text:ti_sysbios_utils_Load_logLoads__I)
                  cc92ad60    00000340     ti.drv.pa.ae66 : painit.oe66 (.text:Pa_create)
                  cc92b0a0    00000340     ti.drv.qmss.ae66 : qmss_drv.oe66 (.text:Qmss_init)
                  cc92b3e0    00000340     os.ae66 : mem.oe66 (.text:mmAlloc)
                  cc92b720    00000340     stk6_ppp_pppoe.ae66 : nimupppoe.oe66 (.text:pppoeSI)
                  cc92ba60    00000320     nettool.ae66 : config.oe66 (.text:CfgAddEntry)
                  cc92bd80    00000320     stk6_ppp_pppoe.ae66 : icmpv6_ndisc.oe66 (.text:ICMPv6RecvRedirect)
                  cc92c0a0    00000320                         : nimupppoe.oe66 (.text:SendServerMsg)
                  cc92c3c0    00000320     Tronlong.DSP.C6678.Platform.le66 : evmc66x_uart.obj (.text)
                  cc92c6e0    00000320     rts6600_elf.lib : _printfi.obj (.text:_pproc_fge)
                  cc92ca00    00000320     nettool.ae66 : telnetd.oe66 (.text:telnet_engine)
                  cc92cd20    00000300     stk6_ppp_pppoe.ae66 : icmpv6_ndisc.oe66 (.text:ICMPv6RecvNS)
                  cc92d020    00000300                         : icmpv6out.oe66 (.text:ICMPv6SendDstUnreachable)
                  cc92d320    00000300                         : icmpv6out.oe66 (.text:ICMPv6SendTimeExceeded)
                  cc92d620    00000300     netctrl.ae66 : netctrl.oe66 (.text:NetScheduler)
                  cc92d920    00000300     stk6_ppp_pppoe.ae66 : sock6pcb.oe66 (.text:Sock6PcbBind)
                  cc92dc20    00000300     TCP.obj (.text)
                  cc92df20    00000300     stk6_ppp_pppoe.ae66 : udp6.oe66 (.text:Udp6Input)
                  cc92e220    00000300     nettool.ae66 : inetaddr.oe66 (.text:inet_aton)
                  cc92e520    00000300     platform_osal.obj (.text)
                  cc92e820    00000300     sysbios.ae66 : BIOS.obj (.text:ti_sysbios_knl_Swi_run__I)
                  cc92eb20    000002e0     stk6_ppp_pppoe.ae66 : ipv6_frag.oe66 (.text:IPv6FragQEnqueueFrag)
                  cc92ee00    000002e0     ti.drv.pa.ae66 : pa.oe66 (.text:Pa_forwardResult)
                  cc92f0e0    000002e0     stk6_ppp_pppoe.ae66 : route6.oe66 (.text:Rt6Find)
                  cc92f3c0    000002e0                         : nimupppoe.oe66 (.text:SendClientMsg)
                  cc92f6a0    000002e0                         : udp.oe66 (.text:UdpOutput)
                  cc92f980    000002e0     rts6600_elf.lib : _printfi.obj (.text:_pproc_fwp)
                  cc92fc60    000002e0     sysbios.ae66 : BIOS.obj (.text:ti_sysbios_heaps_HeapMem_Instance_init__F)
                  cc92ff40    000002c0     stk6_ppp_pppoe.ae66 : bind.oe66 (.text:BindNew)
                  cc930200    000002c0                         : sb6.oe66 (.text:SB6Read)
                  cc9304c0    000002c0                         : sock6pcb.oe66 (.text:Sock6PcbResolve)
                  cc930780    000002c0                         : udp6.oe66 (.text:Udp6Output)
                  cc930a40    000002c0                         : nimuppp.oe66 (.text:pppInput)
                  cc930d00    000002c0     sysbios.ae66 : BIOS.obj (.text:ti_sysbios_knl_Task_exit__E)
                  cc930fc0    000002a0     stk6_ppp_pppoe.ae66 : ipv6_exthdrs.oe66 (.text:IPv6ParseExtnHeaders)
                  cc931260    000002a0                         : node.oe66 (.text:NodeAdd)
                  cc931500    000002a0                         : route6.oe66 (.text:Rt6Free)
                  cc9317a0    000002a0                         : rtable.oe66 (.text:RtFind)
                  cc931a40    000002a0                         : sock6pcb.oe66 (.text:Sock6PcbFind)
                  cc931ce0    000002a0                         : sock.oe66 (.text:SockClose)
                  cc931f80    000002a0                         : tcp6prot.oe66 (.text:TCP6PrSetOption)
                  cc932220    000002a0                         : tcpprot.oe66 (.text:TcpPrSetOption)
                  cc9324c0    000002a0     rts6600_elf.lib : _printfi.obj (.text:fcvt)
                  cc932760    000002a0     sysbios.ae66 : BIOS.obj (.text:ti_sysbios_knl_Clock_workFunc__E)
                  cc932a00    000002a0     ti.uia.runtime.ae66 : LoggerCircBuf.oe66 (.text:ti_uia_runtime_LoggerCircBuf_write8__E)
                  cc932ca0    00000280     nettool.ae66 : dhcpmain.oe66 (.text:DHCPOpen)
                  cc932f20    00000280     stk6_ppp_pppoe.ae66 : icmp.oe66 (.text:ICMPGenPacket)
                  cc9331a0    00000280                         : icmpv6in.oe66 (.text:ICMPv6RecvEchoRequest)
                  cc933420    00000280                         : lli6.oe66 (.text:LLI6NeighUnreachStateMachine)
                  cc9336a0    00000280                         : sockpcb.oe66 (.text:SockPcbResolve)
                  cc933920    00000280                         : sock.oe66 (.text:SockRecvNC)
                  cc933ba0    00000280                         : tcp6out.oe66 (.text:TCP6GenPacket)
                  cc933e20    00000280     rts6600_elf.lib : _printfi.obj (.text:ecvt)
                  cc9340a0    00000280     stk6_ppp_pppoe.ae66 : ipcp.oe66 (.text:ipcpSendCfg)
                  cc934320    00000280                         : lcp.oe66 (.text:lcpSendCfg)
                  cc9345a0    00000280     sysbios.ae66 : BIOS.obj (.text:ti_sysbios_family_c64p_Hwi_Module_startup__F)
                  cc934820    00000280                  : BIOS.obj (.text:ti_sysbios_timers_timer64_Timer_deviceConfig__I)
                  cc934aa0    00000280     ti.targets.rts6000.ae66 : Error.oe66 (.text:xdc_runtime_Error_raiseX__F)
                  cc934d20    00000260     stk6_ppp_pppoe.ae66 : icmpv6_ndisc.oe66 (.text:ICMPv6SendNA)
                  cc934f80    00000260                         : icmpv6_ndisc.oe66 (.text:ICMPv6SendNS)
                  cc9351e0    00000260                         : lli6.oe66 (.text:LLI6TxIPPacket)
                  cc935440    00000260                         : nimu.oe66 (.text:NIMUReceivePacket)
                  cc9356a0    00000260                         : rawethsock.oe66 (.text:RawEthSockSet)
                  cc935900    00000260                         : sb6.oe66 (.text:SB6Write)
                  cc935b60    00000260                         : sb.oe66 (.text:SBWrite)
                  cc935dc0    00000260                         : sock6.oe66 (.text:Sock6Close)
                  cc936020    00000260                         : sockpcb.oe66 (.text:SockPcbBind)
                  cc936280    00000260     nettool.ae66 : httppars.oe66 (.text:httpParseRecv)
                  cc9364e0    00000260     sysbios.ae66 : BIOS.obj (.text:ti_sysbios_knl_Swi_Module_startup__F)
                  cc936740    00000260                  : BIOS.obj (.text:ti_sysbios_utils_Load_updateThreadContexts__E)
                  cc9369a0    00000260     ti.targets.rts6000.ae66 : Startup.oe66 (.text:xdc_runtime_Startup_startMods__I)
                  cc936c00    00000260     app_pe66.oe66 (.text:xdc_runtime_System_printfExtend__I)
                  cc936e60    00000240     ti.drv.cppi.ae66 : cppi_drv.oe66 (.text:Cppi_open)
                  cc9370a0    00000240     nettool.ae66 : daemon.oe66 (.text:DaemonNew)
                  cc9372e0    00000240     ti.drv.pa.ae66 : pa.oe66 (.text:Pa_resetControl)
                  cc937520    00000240     stk6_ppp_pppoe.ae66 : pipe.oe66 (.text:PipeRecv)
                  cc937760    00000240                         : raw.oe66 (.text:RawInput)
                  cc9379a0    00000240     rts6600_elf.lib : imath64.obj (.text:__c6xabi_divull)
                  cc937be0    00000240                     : _printfi.obj (.text:_pconv_e)
                  cc937e20    00000240                     : _printfi.obj (.text:_pproc_diouxp)
                  cc938060    00000240     nettool.ae66 : dhcpsm.oe66 (.text:dhcpIPAdd)
                  cc9382a0    00000240                  : dhcpsm.oe66 (.text:dhcpState)
                  cc9384e0    00000240     sysbios.ae66 : BIOS.obj (.text:ti_sysbios_family_c64p_Exception_internalHandler__I)
                  cc938720    00000240                  : BIOS.obj (.text:ti_sysbios_knl_Semaphore_post__E)
                  cc938960    00000240     ti.uia.runtime.ae66 : LoggerCircBuf.oe66 (.text:ti_uia_runtime_LoggerCircBuf_write0__E)
                  cc938ba0    00000240                         : LoggerCircBuf.oe66 (.text:ti_uia_runtime_LoggerCircBuf_write1__E)
                  cc938de0    00000240                         : LoggerCircBuf.oe66 (.text:ti_uia_runtime_LoggerCircBuf_write2__E)
                  cc939020    00000240                         : LoggerCircBuf.oe66 (.text:ti_uia_runtime_LoggerCircBuf_write4__E)
                  cc939260    00000240                         : LoggerCircBuf.oe66 (.text:ti_uia_runtime_LoggerCircBuf_writeMemoryRange__E)
                  cc9394a0    00000240     ti.targets.rts6000.ae66 : LoggerBuf.oe66 (.text:xdc_runtime_LoggerBuf_write8__F)
                  cc9396e0    00000220     stk6_ppp_pppoe.ae66 : bind6.oe66 (.text:Bind6RunDAD)
                  cc939900    00000220                         : icmpv6_ndisc.oe66 (.text:ICMPv6RecvNA)
                  cc939b20    00000220                         : igmp.oe66 (.text:IGMPJoinHostGroup)
                  cc939d40    00000220                         : ipv6in.oe66 (.text:IPv6RxPacket)
                  cc939f60    00000220                         : rawethsock.oe66 (.text:RawEthSockNew)
                  cc93a180    00000220                         : sockpcb.oe66 (.text:SockPcbFind)
                  cc93a3a0    00000220     rts6600_elf.lib : _printfi.obj (.text:_pproc_str)
                  cc93a5c0    00000220     nettool.ae66 : dhcppkt.oe66 (.text:dhcpVerifyMessage)
                  cc93a7e0    00000220     rts6600_elf.lib : fputc.obj (.text:fputc)
                  cc93aa00    00000220     nettool.ae66 : httpclie.oe66 (.text:httpGetAuthParams)
                  cc93ac20    00000220     sysbios.ae66 : BIOS.obj (.text:ti_sysbios_knl_Swi_post__E)
                  cc93ae40    00000220                  : BIOS.obj (.text:ti_sysbios_knl_Task_schedule__I)
                  cc93b060    00000220                  : BIOS.obj (.text:ti_sysbios_knl_Task_startCore__E)
                  cc93b280    00000220     ti.targets.rts6000.ae66 : Core-mem.oe66 (.text:xdc_runtime_Core_createObject__I)
                  cc93b4a0    00000200     stk6_ppp_pppoe.ae66 : ipv6_frag.oe66 (.text:IPv6ParseFragHdr)
                  cc93b6a0    00000200                         : lli6.oe66 (.text:LLI6New)
                  cc93b8a0    00000200     ti.drv.qmss.ae66 : qmss_drv.oe66 (.text:Qmss_internalQueueOpen)
                  cc93baa0    00000200                      : qmss_acc.oe66 (.text:Qmss_programAccumulator)
                  cc93bca0    00000200     stk6_ppp_pppoe.ae66 : rtc.oe66 (.text:RTCReport)
                  cc93bea0    00000200                         : raw6.oe66 (.text:Raw6Output)
                  cc93c0a0    00000200     rts6600_elf.lib : _printfi.obj (.text:_pconv_g)
                  cc93c2a0    00000200     sysbios.ae66 : c64p_Hwi_disp_always.obj (.text:_ti_sysbios_family_c64p_Hwi_dispatchAlways)
                  cc93c4a0    00000200     stk6_ppp_pppoe.ae66 : socket.oe66 (.text:accept)
                  cc93c6a0    00000200     ti.drv.cppi.ae66 : cppi_heap.oe66 (.text:cppi_internal_heap_add)
                  cc93c8a0    00000200     stk6_ppp_pppoe.ae66 : nimupppoe.oe66 (.text:pppoeCtrlMsg)
                  cc93caa0    00000200     rts6600_elf.lib : setvbuf.obj (.text:setvbuf)
                  cc93cca0    00000200     sysbios.ae66 : BIOS.obj (.text:ti_sysbios_utils_Load_updateLoads__E)
                  cc93cea0    000001e0     stk6_ppp_pppoe.ae66 : igmp.oe66 (.text:IGMPSendReply)
                  cc93d080    000001e0                         : route6.oe66 (.text:Rt6Modify)
                  cc93d260    000001e0                         : sock6pcb.oe66 (.text:Sock6PcbFindRaw)
                  cc93d440    000001e0                         : tcpout.oe66 (.text:TcpGenPacket)
                  cc93d620    000001e0                         : auth.oe66 (.text:chapSendMsg)
                  cc93d800    000001e0     nettool.ae66 : dhcpsock.oe66 (.text:dhcpSocketOpen)
                  cc93d9e0    000001e0     stk6_ppp_pppoe.ae66 : socket.oe66 (.text:sendto)
                  cc93dbc0    000001e0     sysbios.ae66 : BIOS.obj (.text:ti_sysbios_knl_Task_postInit__I)
                  cc93dda0    000001e0                  : BIOS.obj (.text:ti_sysbios_timers_timer64_Timer_getFreq__E)
                  cc93df80    000001e0                  : BIOS.obj (.text:ti_sysbios_utils_Load_idleFxn__E)
                  cc93e160    000001c0     nettool.ae66 : config.oe66 (.text:CfgExecute)
                  cc93e320    000001c0     ti.drv.cppi.ae66 : cppi_drv.oe66 (.text:Cppi_channelClose)
                  cc93e4e0    000001c0                      : cppi_drv.oe66 (.text:Cppi_initCfg)
                  cc93e6a0    000001c0     stk6_ppp_pppoe.ae66 : ip.oe66 (.text:IPGetRoute)
                  cc93e860    000001c0                         : ipv6_exthdrs.oe66 (.text:IPv6ParseHopOptions)
                  cc93ea20    000001c0                         : lliout.oe66 (.text:LLIGenArpPacket)
                  cc93ebe0    000001c0     ti.drv.qmss.ae66 : qmss_drv.oe66 (.text:Qmss_internaldownloadFirmware)
                  cc93eda0    000001c0     netctrl.ae66 : netsrv.oe66 (.text:SPIpNet)
                  cc93ef60    000001c0     stk6_ppp_pppoe.ae66 : tcptime.oe66 (.text:TcpTimeoutRexmt)
                  cc93f120    000001c0                         : lli.oe66 (.text:_LLITimeoutCheck)
                  cc93f2e0    000001c0     rts6600_elf.lib : _printfi.obj (.text:_mcpy)
                  cc93f4a0    000001c0                     : fopen.obj (.text:_openfile)
                  cc93f660    000001c0     nettool.ae66 : dhcpbild.oe66 (.text:dhcpBuildHeader)
                  cc93f820    000001c0     stk6_ppp_pppoe.ae66 : fileuser.oe66 (.text:fdClose)
                  cc93f9e0    000001c0                         : socket.oe66 (.text:recvncfrom)
                  cc93fba0    000001c0     sysbios.ae66 : BIOS.obj (.text:ti_sysbios_knl_Task_checkStacks__E)
                  cc93fd60    000001c0                  : BIOS.obj (.text:ti_sysbios_timers_timer64_Timer_setPeriodMicroSecs__E)
                  cc93ff20    000001c0     ti.targets.rts6000.ae66 : Text.oe66 (.text:xdc_runtime_Text_putSite__F)
                  cc9400e0    000001a0     stk6_ppp_pppoe.ae66 : bind6.oe66 (.text:Bind6Msg)
                  cc940280    000001a0     nettool.ae66 : config.oe66 (.text:CfgRemoveEntry)
                  cc940420    000001a0     rts6600_elf.lib : trgdrv.obj (.text:HOSTrename)
                  cc9405c0    000001a0     stk6_ppp_pppoe.ae66 : icmpin.oe66 (.text:ICMPRevSrcRoute)
                  cc940760    000001a0                         : ipv6_frag.oe66 (.text:IPv6FragMsg)
                  cc940900    000001a0                         : ipv6_exthdrs.oe66 (.text:IPv6ParseRoutingHdr)
                  cc940aa0    000001a0     netctrl.ae66 : netctrl.oe66 (.text:NC_NetStart)
                  cc940c40    000001a0     stk6_ppp_pppoe.ae66 : node.oe66 (.text:NodeTreeFree)
                  cc940de0    000001a0     ti.drv.pa.ae66 : pa.oe66 (.text:Pa_downloadImage)
                  cc940f80    000001a0     stk6_ppp_pppoe.ae66 : raw6.oe66 (.text:Raw6Input)
                  cc941120    000001a0                         : route6.oe66 (.text:Route6LifetimeMgmt)
                  cc9412c0    000001a0                         : sockint.oe66 (.text:SockCreatePacket)
                  cc941460    000001a0     nettool.ae66 : dhcpsm.oe66 (.text:StateRenewRebind)
                  cc941600    000001a0     stk6_ppp_pppoe.ae66 : tcp6time.oe66 (.text:TCP6TimeoutRexmt)
                  cc9417a0    000001a0     rts6600_elf.lib : imath40.obj (.text:__c6xabi_divul)
                  cc941940    000001a0     nettool.ae66 : dhcptags.oe66 (.text:dhcpBuildOptions)
                  cc941ae0    000001a0     stk6_ppp_pppoe.ae66 : socket.oe66 (.text:getpeername)
                  cc941c80    000001a0     nettool.ae66 : telnetd.oe66 (.text:telnet_termdata)
                  cc941e20    000001a0     sysbios.ae66 : BIOS.obj (.text:ti_sysbios_family_c66_Cache_block__I)
                  cc941fc0    000001a0                  : BIOS.obj (.text:ti_sysbios_gates_GateMutex_enter__E)
                  cc942160    000001a0                  : BIOS.obj (.text:ti_sysbios_knl_Task_unblockI__E)
                  cc942300    000001a0                  : BIOS.obj (.text:ti_sysbios_timers_timer64_Timer_start__E)
                  cc9424a0    000001a0     ti.targets.rts6000.ae66 : LoggerBuf.oe66 (.text:xdc_runtime_LoggerBuf_write4__F)
                  cc942640    00000180     stk6_ppp_pppoe.ae66 : bind6.oe66 (.text:Bind6GetGlobalAddress)
                  cc9427c0    00000180                         : igmp.oe66 (.text:IGMPMsg)
                  cc942940    00000180                         : nimu.oe66 (.text:NIMURegister)
                  cc942ac0    00000180     netctrl.ae66 : netsrv.oe66 (.text:ServiceScan)
                  cc942c40    00000180                  : netsrv.oe66 (.text:ServiceSpawn)
                  cc942dc0    00000180     nettool.ae66 : dhcpsm.oe66 (.text:StateBound)
                  cc942f40    00000180     rts6600_elf.lib : copy_decompress_rle.obj (.text:__TI_decompress_rle_core)
                  cc9430c0    00000180     stk6_ppp_pppoe.ae66 : socket.oe66 (.text:bind)
                  cc943240    00000180     nettool.ae66 : dhcpbild.oe66 (.text:dhcpBuildRequest)
                  cc9433c0    00000180     os.ae66 : task.oe66 (.text:llEnter)
                  cc943540    00000180     rts6600_elf.lib : lowlev.obj (.text:open)
                  cc9436c0    00000180     stk6_ppp_pppoe.ae66 : auth.oe66 (.text:papSendCfg)
                  cc943840    00000180     sysbios.ae66 : c64p_Exception_asm.obj (.text)
                  cc9439c0    00000180                  : BIOS.obj (.text:ti_sysbios_utils_Load_taskCreateHook__E)
                  cc943b40    00000160     nettool.ae66 : config.oe66 (.text:CfgGetEntry)
                  cc943ca0    00000160                  : config.oe66 (.text:CfgGetNextEntry)
                  cc943e00    00000160     os.ae66 : ossys.oe66 (.text:DbgPrintf)
                  cc943f60    00000160     stk6_ppp_pppoe.ae66 : igmp.oe66 (.text:IGMPDoMCast)
                  cc9440c0    00000160                         : nimu.oe66 (.text:NIMUIoctlSpecialCmd)
                  cc944220    00000160                         : pbm.oe66 (.text:PBM_free)
                  cc944380    00000160                         : nimuppp.oe66 (.text:PPPStop)
                  cc9444e0    00000160                         : pipe.oe66 (.text:PipeSend)
                  cc944640    00000160                         : raw.oe66 (.text:RawOutput)
                  cc9447a0    00000160                         : rtable.oe66 (.text:RtTimeoutCheck)
                  cc944900    00000160                         : rtable.oe66 (.text:RtWalkNext)
                  cc944a60    00000160     netctrl.ae66 : netsrv.oe66 (.text:SPRoute)
                  cc944bc0    00000160     stk6_ppp_pppoe.ae66 : sock6.oe66 (.text:Sock6Check)
                  cc944d20    00000160                         : sock6int.oe66 (.text:Sock6CreatePacket)
                  cc944e80    00000160                         : sock6pcb.oe66 (.text:Sock6PcbConnect)
                  cc944fe0    00000160                         : sock.oe66 (.text:SockCheck)
                  cc945140    00000160                         : sockpcb.oe66 (.text:SockPcbConnect)
                  cc9452a0    00000160     nettool.ae66 : dhcpsm.oe66 (.text:StateRequesting)
                  cc945400    00000160     stk6_ppp_pppoe.ae66 : tcp6time.oe66 (.text:TCP6TimeoutKeep)
                  cc945560    00000160                         : tcptime.oe66 (.text:TcpTimeoutKeep)
                  cc9456c0    00000160                         : auth.oe66 (.text:authInit)
                  cc945820    00000160     nettool.ae66 : httpclie.oe66 (.text:httpExtractTag)
                  cc945980    00000160                  : httpsend.oe66 (.text:httpSendErrorHTML)
                  cc945ae0    00000160     stk6_ppp_pppoe.ae66 : socket.oe66 (.text:setsockopt)
                  cc945c40    00000160     nettool.ae66 : telnetd.oe66 (.text:telnetClientProcess)
                  cc945da0    00000160     sysbios.ae66 : BIOS.obj (.text:ti_sysbios_BIOS_rtsUnlock__I)
                  cc945f00    00000160                  : BIOS.obj (.text:ti_sysbios_utils_Load_updateCurrentThreadTime__E)
                  cc946060    00000140     stk6_ppp_pppoe.ae66 : bind6.oe66 (.text:Bind6DADCheck)
                  cc9461a0    00000140                         : bind6.oe66 (.text:Bind6Free)
                  cc9462e0    00000140     ti.csl.ae66 : csl_chip.oe66 (.text:CSL_chipReadReg)
                  cc946420    00000140     stk6_ppp_pppoe.ae66 : exec.oe66 (.text:ExecOpen)
                  cc946560    00000140                         : icmp.oe66 (.text:ICMPSendRtAdv)
                  cc9466a0    00000140                         : igmp.oe66 (.text:IGMPJoin)
                  cc9467e0    00000140                         : ipv6.oe66 (.text:IPv6DisplayIPAddress)
                  cc946920    00000140                         : lli6.oe66 (.text:LLI6Find)
                  cc946a60    00000140                         : lli.oe66 (.text:LLINew)
                  cc946ba0    00000140                         : node.oe66 (.text:NodeFind)
                  cc946ce0    00000140                         : node.oe66 (.text:NodeWalk)
                  cc946e20    00000140                         : pbm.oe66 (.text:PBM_alloc)
                  cc946f60    00000140                         : rtable.oe66 (.text:RtFlush)
                  cc9470a0    00000140                         : sb6.oe66 (.text:SB6New)
                  cc9471e0    00000140     netctrl.ae66 : netsrv.oe66 (.text:ServiceKill)
                  cc947320    00000140     stk6_ppp_pppoe.ae66 : sock6.oe66 (.text:Sock6Accept)
                  cc947460    00000140                         : sock6.oe66 (.text:Sock6Listen)
                  cc9475a0    00000140                         : sock.oe66 (.text:SockAccept)
                  cc9476e0    00000140                         : sock.oe66 (.text:SockListen)
                  cc947820    00000140                         : sockpcb.oe66 (.text:SockPcbCtlError)
                  cc947960    00000140     boot.ae66 : autoinit.oe66 (.text:_auto_init_elf)
                  cc947aa0    00000140     rts6600_elf.lib : _printfi.obj (.text:_pproc_fflags)
                  cc947be0    00000140     stk6_ppp_pppoe.ae66 : auth.oe66 (.text:authGetPassword)
                  cc947d20    00000140     nettool.ae66 : dhcptags.oe66 (.text:dhcpDecodeType)
                  cc947e60    00000140     rts6600_elf.lib : lowlev.obj (.text:getdevice)
                  cc947fa0    00000140     nettool.ae66 : httpsend.oe66 (.text:httpAuthenticationReq)
                  cc9480e0    00000140     os.ae66 : mem.oe66 (.text:mmCopy)
                  cc948220    00000140     stk6_ppp_pppoe.ae66 : socket.oe66 (.text:recv)
                  cc948360    00000140                         : socket.oe66 (.text:send)
                  cc9484a0    00000140     sysbios.ae66 : BIOS.obj (.text:ti_sysbios_family_c66_Cache_startup__I)
                  cc9485e0    00000140                  : BIOS.obj (.text:ti_sysbios_knl_Semaphore_Instance_init__F)
                  cc948720    00000140                  : BIOS.obj (.text:ti_sysbios_knl_Task_blockI__E)
                  cc948860    00000140     ti.targets.rts6000.ae66 : Text.oe66 (.text:xdc_runtime_Text_putLab__F)
                  cc9489a0    00000120     stk6_ppp_pppoe.ae66 : bind6.oe66 (.text:Bind6LifetimeMgmt)
                  cc948ac0    00000120                         : bind.oe66 (.text:BindFree)
                  cc948be0    00000120     nettool.ae66 : config.oe66 (.text:CfgFree)
                  cc948d00    00000120                  : daemon.oe66 (.text:DaemonFree)
                  cc948e20    00000120     stk6_ppp_pppoe.ae66 : file.oe66 (.text:FdWaitEvent)
                  cc948f40    00000120                         : igmp.oe66 (.text:IGMPLeaveHostGroup)
                  cc949060    00000120                         : ip.oe66 (.text:IPMsg)
                  cc949180    00000120                         : ipin.oe66 (.text:IPRouteIP)
                  cc9492a0    00000120                         : ipv6_frag.oe66 (.text:IPv6CreateFragQ)
                  cc9493c0    00000120                         : ipv6.oe66 (.text:IPv6Init)
                  cc9494e0    00000120                         : icmpv6out.oe66 (.text:IsICMPv6ErrorPkt)
                  cc949600    00000120                         : md5.oe66 (.text:MD5Update)
                  cc949720    00000120                         : mld.oe66 (.text:MLDJoinGroup)
                  cc949840    00000120     netctrl.ae66 : netctrl.oe66 (.text:NC_SystemOpen)
                  cc949960    00000120     stk6_ppp_pppoe.ae66 : nimu.oe66 (.text:NIMUAddEthernetHeader)
                  cc949a80    00000120     ti.drv.qmss.ae66 : qmss_acc.oe66 (.text:Qmss_disableAccumulator)
                  cc949ba0    00000120     stk6_ppp_pppoe.ae66 : raweth.oe66 (.text:RawEthRxPacket)
                  cc949cc0    00000120                         : raweth.oe66 (.text:RawEthTxPacket)
                  cc949de0    00000120                         : sb.oe66 (.text:SBNew)
                  cc949f00    00000120     netctrl.ae66 : netsrv.oe66 (.text:SPConfig)
                  cc94a020    00000120                  : netsrv.oe66 (.text:SPService)
                  cc94a140    00000120     stk6_ppp_pppoe.ae66 : sock6.oe66 (.text:Sock6Disconnect)
                  cc94a260    00000120                         : sock6.oe66 (.text:Sock6Shutdown)
                  cc94a380    00000120                         : sockpcb.oe66 (.text:SockPcbFindRaw)
                  cc94a4a0    00000120                         : sock.oe66 (.text:SockShutdown)
                  cc94a5c0    00000120                         : tcp6prot.oe66 (.text:TCP6PrAttach)
                  cc94a6e0    00000120                         : tcpprot.oe66 (.text:TcpPrAttach)
                  cc94a800    00000120     nettool.ae66 : telnetd.oe66 (.text:TelnetOpen)
                  cc94a920    00000120     stk6_ppp_pppoe.ae66 : rtable.oe66 (.text:_RtNodeInsert)
                  cc94aa40    00000120     rts6600_elf.lib : fclose.obj (.text:_closefile)
                  cc94ab60    00000120                     : _printfi.obj (.text:_ltostr)
                  cc94ac80    00000120     os.ae66 : mem.oe66 (.text:_mmInit)
                  cc94ada0    00000120     rts6600_elf.lib : fopen.obj (.text:_search_fp)
                  cc94aec0    00000120     nettool.ae66 : daemon.oe66 (.text:dchild)
                  cc94afe0    00000120     stk6_ppp_pppoe.ae66 : fileuser.oe66 (.text:fdOpenSession)
                  cc94b100    00000120     rts6600_elf.lib : fseek.obj (.text:fseek)
                  cc94b220    00000120     nettool.ae66 : http.oe66 (.text:httpOpen)
                  cc94b340    00000120                  : httpsend.oe66 (.text:httpSendStatusLine)
                  cc94b460    00000120     stk6_ppp_pppoe.ae66 : lcp.oe66 (.text:lcpOpen)
                  cc94b580    00000120                         : lcp.oe66 (.text:lcpReject)
                  cc94b6a0    00000120                         : socket.oe66 (.text:socket)
                  cc94b7c0    00000120     sysbios.ae66 : BIOS.obj (.text:ti_sysbios_knl_Swi_startup__E)
                  cc94b8e0    00000120                  : BIOS.obj (.text:ti_sysbios_utils_Load_taskDeleteHook__E)
                  cc94ba00    00000120     ti.uia.runtime.ae66 : LoggerCircBuf.oe66 (.text:ti_uia_runtime_LoggerCircBuf_setFilterLevel__E)
                  cc94bb20    00000120                         : QueueDescriptor.oe66 (.text:ti_uia_runtime_QueueDescriptor_addToList__E)
                  cc94bc40    00000120     ti.targets.rts6000.ae66 : LoggerBuf.oe66 (.text:xdc_runtime_LoggerBuf_setFilterLevel__F)
                  cc94bd60    00000120                             : Text.oe66 (.text:xdc_runtime_Text_putMod__F)
                  cc94be80    00000100     nettool.ae66 : config.oe66 (.text:CfgNew)
                  cc94bf80    00000100                  : config.oe66 (.text:CfgSetExecuteOrder)
                  cc94c080    00000100     rts6600_elf.lib : trgdrv.obj (.text:HOSTlseek)
                  cc94c180    00000100     stk6_ppp_pppoe.ae66 : igmp.oe66 (.text:IGMPTimer)
                  cc94c280    00000100                         : ipv6.oe66 (.text:IPv6GetSubnetMaskFromBits)
                  cc94c380    00000100                         : ipv6_frag.oe66 (.text:IPv6ReasmTimeout)
                  cc94c480    00000100                         : rtc.oe66 (.text:RTCMsg)
                  cc94c580    00000100                         : rawethsock.oe66 (.text:RawEthSockCheck)
                  cc94c680    00000100                         : route.oe66 (.text:RtRedirect)
                  cc94c780    00000100                         : sockint.oe66 (.text:SockValidateRoute)
                  cc94c880    00000100     nettool.ae66 : dhcpsm.oe66 (.text:StateSelecting)
                  cc94c980    00000100     stk6_ppp_pppoe.ae66 : tcp6prot.oe66 (.text:TCP6PrInherit)
                  cc94ca80    00000100                         : tcp6time.oe66 (.text:TCP6XmitTimer)
                  cc94cb80    00000100                         : tcpprot.oe66 (.text:TcpPrInherit)
                  cc94cc80    00000100                         : tcptime.oe66 (.text:TcpXmitTimer)
                  cc94cd80    00000100                         : rtable.oe66 (.text:_RtNodeRemove)
                  cc94ce80    00000100     rts6600_elf.lib : _io_perm.obj (.text:_wrt_ok)
                  cc94cf80    00000100     stk6_ppp_pppoe.ae66 : file.oe66 (.text:fdint_unlockfd)
                  cc94d080    00000100     rts6600_elf.lib : fprintf.obj (.text:fprintf)
                  cc94d180    00000100     stk6_ppp_pppoe.ae66 : socket.oe66 (.text:listen)
                  cc94d280    00000100     os.ae66 : mem.oe66 (.text:mmFree)
                  cc94d380    00000100     stk6_ppp_pppoe.ae66 : nimuppp.oe66 (.text:pppAddClient)
                  cc94d480    00000100     sysbios.ae66 : BIOS.obj (.text:ti_sysbios_family_c64p_EventCombiner_dispatch__F)
                  cc94d580    00000100                  : BIOS.obj (.text:ti_sysbios_knl_Swi_restoreHwi__E)
                  cc94d680    00000100     app_pe66.oe66 (.text:ti_sysbios_knl_Task_Object__create__S)
                  cc94d780    00000100     sysbios.ae66 : BIOS.obj (.text:ti_sysbios_timers_timer64_Timer_initDevice__I)
                  cc94d880    00000100     app_pe66.oe66 (.text:ti_sysbios_utils_Load_hwiBeginHook__E)
                  cc94d980    00000100     ti.uia.runtime.ae66 : LoggerCircBuf.oe66 (.text:ti_uia_runtime_LoggerCircBuf_getFilterLevel__E)
                  cc94da80    00000100     stk6_ppp_pppoe.ae66 : lliin.oe66 (.text:updateRtTable)
                  cc94db80    00000100     ti.targets.rts6000.ae66 : Core-mem.oe66 (.text:xdc_runtime_Core_deleteObject__I)
                  cc94dc80    00000100                             : LoggerBuf.oe66 (.text:xdc_runtime_LoggerBuf_getFilterLevel__F)
                  cc94dd80    00000100                             : Startup.oe66 (.text:xdc_runtime_Startup_exec__F)
                  cc94de80    00000100                             : Text.oe66 (.text:xdc_runtime_Text_visitRope2__I)
                  cc94df80    000000e0     stk6_ppp_pppoe.ae66 : bind6.oe66 (.text:Bind6GetLinkLocalAddress)
                  cc94e060    000000e0     nettool.ae66 : config.oe66 (.text:CfgGetEntryCnt)
                  cc94e140    000000e0                  : dhcpmain.oe66 (.text:DHCPClose)
                  cc94e220    000000e0     rts6600_elf.lib : trgdrv.obj (.text:HOSTopen)
                  cc94e300    000000e0     stk6_ppp_pppoe.ae66 : igmp.oe66 (.text:IGMPLeave)
                  cc94e3e0    000000e0                         : ipv6_frag.oe66 (.text:IPv6FindFragQ)
                  cc94e4c0    000000e0                         : lli6.oe66 (.text:LLI6Msg)
                  cc94e5a0    000000e0                         : lli6.oe66 (.text:LLI6Update)
                  cc94e680    000000e0                         : mld.oe66 (.text:MLDFindMulticastNode)
                  cc94e760    000000e0                         : nimu.oe66 (.text:NIMUAllocateIndex)
                  cc94e840    000000e0                         : nimu.oe66 (.text:NIMUAllocateName)
                  cc94e920    000000e0                         : node.oe66 (.text:NodeDeRef)
                  cc94ea00    000000e0                         : node.oe66 (.text:NodeNew)
                  cc94eae0    000000e0                         : node.oe66 (.text:NodeTreeNew)
                  cc94ebc0    000000e0                         : pbm.oe66 (.text:PBMQ_enq)
                  cc94eca0    000000e0                         : pbm.oe66 (.text:PBM_copy)
                  cc94ed80    000000e0                         : rawethsock.oe66 (.text:RawEthSockNotify)
                  cc94ee60    000000e0                         : rawethsock_pcb.oe66 (.text:RawEthSockPcbAttach)
                  cc94ef40    000000e0                         : rawethsock.oe66 (.text:RawEthSockSend)
                  cc94f020    000000e0                         : route6.oe66 (.text:Route6Msg)
                  cc94f100    000000e0                         : route.oe66 (.text:RtDeRef)
                  cc94f1e0    000000e0                         : route.oe66 (.text:RtRemove)
                  cc94f2c0    000000e0                         : sb.oe66 (.text:SBReadNC)
                  cc94f3a0    000000e0                         : sb.oe66 (.text:SBSetMax)
                  cc94f480    000000e0                         : sock6int.oe66 (.text:Sock6SpawnAbort)
                  cc94f560    000000e0                         : sock6int.oe66 (.text:Sock6ValidateRoute)
                  cc94f640    000000e0                         : sock.oe66 (.text:SockDisconnect)
                  cc94f720    000000e0                         : sockint.oe66 (.text:SockSpawnAbort)
                  cc94f800    000000e0                         : tcp6prot.oe66 (.text:TCP6PrDetach)
                  cc94f8e0    000000e0                         : tcp6prot.oe66 (.text:TCP6PrDisconnect)
                  cc94f9c0    000000e0                         : tcp6prot.oe66 (.text:TCP6ValidateMetrics)
                  cc94faa0    000000e0                         : tcpprot.oe66 (.text:TcpPrDetach)
                  cc94fb80    000000e0                         : tcpprot.oe66 (.text:TcpPrDisconnect)
                  cc94fc60    000000e0                         : tcpprot.oe66 (.text:TcpValidateMetrics)
                  cc94fd40    000000e0                         : timer.oe66 (.text:TimerListInsert)
                  cc94fe20    000000e0                         : udp.oe66 (.text:UdpChecksum)
                  cc94ff00    000000e0                         : vlan.oe66 (.text:VLANDeinit)
                  cc94ffe0    000000e0                         : vlan.oe66 (.text:VLANReceivePacket)
                  cc9500c0    000000e0     nettool.ae66 : config.oe66 (.text:_CfgEntryScan)
                  cc9501a0    000000e0     stk6_ppp_pppoe.ae66 : lli.oe66 (.text:_LLIExpListInsert)
                  cc950280    000000e0                         : rtable.oe66 (.text:_RtExpListInsert)
                  cc950360    000000e0     rts6600_elf.lib : divi.obj (.text:__divi)
                  cc950440    000000e0                     : _printfi.obj (.text:_div)
                  cc950520    000000e0                     : atoi.obj (.text:atoi)
                  cc950600    000000e0                     : lowlev.obj (.text:close)
                  cc9506e0    000000e0                     : copy_zero_init.obj (.text:decompress:ZI:__TI_zero_init)
                  cc9507c0    000000e0     os.ae66 : efs.oe66 (.text:efs_internal_remove)
                  cc9508a0    000000e0     stk6_ppp_pppoe.ae66 : file.oe66 (.text:fdint_lockfd)
                  cc950980    000000e0     rts6600_elf.lib : fflush.obj (.text:fflush)
                  cc950a60    000000e0     nettool.ae66 : httpclie.oe66 (.text:httpGetMimeBits)
                  cc950b40    000000e0     os.ae66 : task.oe66 (.text:llExit)
                  cc950c20    000000e0     rts6600_elf.lib : ltoa.obj (.text:ltoa)
                  cc950d00    000000e0     main.obj (.text)
                  cc950de0    000000e0     rts6600_elf.lib : memset.obj (.text:memset)
                  cc950ec0    000000e0     os.ae66 : mem.oe66 (.text:mmBulkAlloc)
                  cc950fa0    000000e0     stk6_ppp_pppoe.ae66 : nimuppp.oe66 (.text:pppFree)
                  cc951080    000000e0     rts6600_elf.lib : printf.obj (.text:printf)
                  cc951160    000000e0     sysbios.ae66 : BIOS.obj (.text:ti_sysbios_knl_Swi_runLoop__I)
                  cc951240    000000e0                  : BIOS.obj (.text:ti_sysbios_timers_timer64_Timer_startup__E)
                  cc951320    000000e0     app_pe66.oe66 (.text:ti_uia_runtime_LoggerCircBuf_Object__create__S)
                  cc951400    000000e0     ti.uia.runtime.ae66 : LoggerCircBuf.oe66 (.text:ti_uia_runtime_LoggerCircBuf_getContents__E)
                  cc9514e0    000000e0                         : LoggerCircBuf.oe66 (.text:ti_uia_runtime_LoggerCircBuf_writeBlockOfMemory__I)
                  cc9515c0    000000e0                         : QueueDescriptor.oe66 (.text:ti_uia_runtime_QueueDescriptor_removeFromList__E)
                  cc9516a0    000000e0     ti.targets.rts6000.ae66 : Error.oe66 (.text:xdc_runtime_Error_print__F)
                  cc951780    000000e0     app_pe66.oe66 (.text:xdc_runtime_LoggerBuf_Object__create__S)
                  cc951860    000000e0     ti.targets.rts6000.ae66 : Memory.oe66 (.text:xdc_runtime_Memory_alloc__F)
                  cc951940    000000c0     rts6600_elf.lib : trgdrv.obj (.text:HOSTread)
                  cc951a00    000000c0                     : trgdrv.obj (.text:HOSTunlink)
                  cc951ac0    000000c0                     : trgdrv.obj (.text:HOSTwrite)
                  cc951b80    000000c0     stk6_ppp_pppoe.ae66 : icmpv6in.oe66 (.text:ICMPv6RecvDstUnreachable)
                  cc951c40    000000c0                         : icmpv6in.oe66 (.text:ICMPv6SocketErrorInterface)
                  cc951d00    000000c0                         : ipv6.oe66 (.text:IPv6Layer4ComputeChecksum)
                  cc951dc0    000000c0                         : lli.oe66 (.text:LLIGetValidTime)
                  cc951e80    000000c0                         : lli.oe66 (.text:LLIMsg)
                  cc951f40    000000c0                         : mld.oe66 (.text:MLDCreateMulticastNode)
                  cc952000    000000c0                         : mld.oe66 (.text:MLDLeaveGroup)
                  cc9520c0    000000c0                         : nimu.oe66 (.text:NIMUFindByName)
                  cc952180    000000c0     netctrl.ae66 : netsrv.oe66 (.text:NS_BootTask)
                  cc952240    000000c0     stk6_ppp_pppoe.ae66 : node.oe66 (.text:NodeUpdatePL)
                  cc952300    000000c0     nettool.ae66 : ipaddr.oe66 (.text:NtIfIdx2Ip)
                  cc9523c0    000000c0     ti.drv.qmss.ae66 : qmss_drv.oe66 (.text:Qmss_setEoiVector)
                  cc952480    000000c0     stk6_ppp_pppoe.ae66 : route6.oe66 (.text:Rt6FindDefaultRouter)
                  cc952540    000000c0                         : rtable.oe66 (.text:RtWalkBegin)
                  cc952600    000000c0                         : sb6.oe66 (.text:SB6Flush)
                  cc9526c0    000000c0                         : sb6.oe66 (.text:SB6SetMax)
                  cc952780    000000c0                         : sb.oe66 (.text:SBFlush)
                  cc952840    000000c0                         : sock6.oe66 (.text:Sock6IntAbort)
                  cc952900    000000c0                         : sock6pcb.oe66 (.text:Sock6PcbResolveChain)
                  cc9529c0    000000c0                         : sock6pcb.oe66 (.text:Sock6PcbRtChange)
                  cc952a80    000000c0                         : sock.oe66 (.text:SockIntAbort)
                  cc952b40    000000c0                         : sockpcb.oe66 (.text:SockPcbRtChange)
                  cc952c00    000000c0                         : tcp6prot.oe66 (.text:TCP6Close)
                  cc952cc0    000000c0                         : tcp6time.oe66 (.text:TCP6TimeoutSackRexmt)
                  cc952d80    000000c0     os.ae66 : task.oe66 (.text:TaskGetEnv)
                  cc952e40    000000c0     stk6_ppp_pppoe.ae66 : tcp.oe66 (.text:TcpChecksum)
                  cc952f00    000000c0                         : tcpprot.oe66 (.text:TcpClose)
                  cc952fc0    000000c0                         : tcptime.oe66 (.text:TcpTimeoutSackRexmt)
                  cc953080    000000c0                         : bind6.oe66 (.text:_Bind6FindByHostInList)
                  cc953140    000000c0                         : bind6.oe66 (.text:_Bind6FindByNetInList)
                  cc953200    000000c0     rts6600_elf.lib : dtor_list.obj (.text:_Z11__TI_atexitPFYvPvES_S_)
                  cc9532c0    000000c0                     : dtor_list.obj (.text:__cxa_finalize)
                  cc953380    000000c0                     : divu.obj (.text:__divu)
                  cc953440    000000c0                     : remi.obj (.text:__remi)
                  cc953500    000000c0                     : fflush.obj (.text:_doflush)
                  cc9535c0    000000c0     ti.drv.cppi.ae66 : cppi_listlib.oe66 (.text:cppi_list_remove_node)
                  cc953680    000000c0     nettool.ae66 : dhcptags.oe66 (.text:dhcpOptionsClear)
                  cc953740    000000c0     os.ae66 : efs.oe66 (.text:efs_fopen)
                  cc953800    000000c0     rts6600_elf.lib : exit.obj (.text:exit)
                  cc9538c0    000000c0     nettool.ae66 : httpsend.oe66 (.text:httpSendFullResponse)
                  cc953980    000000c0     os.ae66 : mem.oe66 (.text:mmZeroInit)
                  cc953a40    000000c0     stk6_ppp_pppoe.ae66 : nimuppp.oe66 (.text:pppAddIP)
                  cc953b00    000000c0     app_pe66.oe66 (.text:ti_ndk_config_Global_stackThread)
                  cc953bc0    000000c0     sysbios.ae66 : BIOS.obj (.text:ti_sysbios_BIOS_errorRaiseHook__I)
                  cc953c80    000000c0                  : BIOS.obj (.text:ti_sysbios_heaps_HeapMem_getStats__E)
                  cc953d40    000000c0                  : BIOS.obj (.text:ti_sysbios_knl_Clock_logTick__E)
                  cc953e00    000000c0                  : BIOS.obj (.text:ti_sysbios_knl_Task_allBlockedFunction__I)
                  cc953ec0    000000c0                  : BIOS.obj (.text:ti_sysbios_timers_timer64_Timer_stop__E)
                  cc953f80    000000c0                  : BIOS.obj (.text:ti_sysbios_utils_Load_taskSwitchHook__E)
                  cc954040    000000c0     ti.uia.runtime.ae66 : LoggerCircBuf.oe66 (.text:ti_uia_runtime_LoggerCircBuf_Instance_init__F)
                  cc954100    000000c0                         : LoggerCircBuf.oe66 (.text:ti_uia_runtime_LoggerCircBuf_Module_startup__F)
                  cc9541c0    000000c0     ti.targets.rts6000.ae66 : LoggerBuf.oe66 (.text:xdc_runtime_LoggerBuf_Instance_init__F)
                  cc954280    000000c0                             : System.oe66 (.text:xdc_runtime_System_formatNum__I)
                  cc954340    000000a0     nettool.ae66 : config.oe66 (.text:CfgEntryDeRef)
                  cc9543e0    000000a0                  : config.oe66 (.text:CfgEntryGetData)
                  cc954480    000000a0                  : config.oe66 (.text:CfgGetImmediate)
                  cc954520    000000a0                  : telnetd.oe66 (.text:CmdWriteBytes)
                  cc9545c0    000000a0                  : telnetd.oe66 (.text:CmdWriteCmd)
                  cc954660    000000a0     ti.drv.cppi.ae66 : cppi_drv.oe66 (.text:Cppi_channelEnable)
                  cc954700    000000a0     stk6_ppp_pppoe.ae66 : file.oe66 (.text:FdSignalEvent)
                  cc9547a0    000000a0     rts6600_elf.lib : trgdrv.obj (.text:HOSTclose)
                  cc954840    000000a0     stk6_ppp_pppoe.ae66 : ipfrag.oe66 (.text:IPReasmFree)
                  cc9548e0    000000a0                         : ipfrag.oe66 (.text:IPReasmTimeout)
                  cc954980    000000a0                         : ipv6.oe66 (.text:IPv6CompareAddress)
                  cc954a20    000000a0                         : lliin.oe66 (.text:LLIValidateRoute)
                  cc954ac0    000000a0                         : md5.oe66 (.text:MD5Final)
                  cc954b60    000000a0                         : nimu.oe66 (.text:NIMUShutdown)
                  cc954c00    000000a0                         : nimu.oe66 (.text:NIMUUnregister)
                  cc954ca0    000000a0     nettool.ae66 : ipaddr.oe66 (.text:NtAddNetwork)
                  cc954d40    000000a0     stk6_ppp_pppoe.ae66 : pbm.oe66 (.text:PBM_open)
                  cc954de0    000000a0                         : pipe.oe66 (.text:PipeCheck)
                  cc954e80    000000a0     ti.drv.qmss.ae66 : qmss_drv.oe66 (.text:Qmss_queueClose)
                  cc954f20    000000a0                      : qmss_drv.oe66 (.text:Qmss_startCfg)
                  cc954fc0    000000a0     stk6_ppp_pppoe.ae66 : rtable.oe66 (.text:RouteMsg)
                  cc955060    000000a0                         : route.oe66 (.text:RtNew)
                  cc955100    000000a0                         : sb6.oe66 (.text:SB6Free)
                  cc9551a0    000000a0                         : sb.oe66 (.text:SBFree)
                  cc955240    000000a0     os.ae66 : semaphore.oe66 (.text:SemCreate)
                  cc9552e0    000000a0     stk6_ppp_pppoe.ae66 : sock6pcb.oe66 (.text:Sock6CleanPcb)
                  cc955380    000000a0                         : sock6.oe66 (.text:Sock6GetName)
                  cc955420    000000a0                         : sock.oe66 (.text:SockBind)
                  cc9554c0    000000a0                         : sockpcb.oe66 (.text:SockCleanPcb)
                  cc955560    000000a0                         : sockpcb.oe66 (.text:SockPcbResolveChain)
                  cc955600    000000a0                         : tcp6prot.oe66 (.text:TCP6Drop)
                  cc9556a0    000000a0                         : tcp6prot.oe66 (.text:TCP6PrCtlError)
                  cc955740    000000a0                         : tcp6prot.oe66 (.text:TCP6PrSend)
                  cc9557e0    000000a0                         : tcp6prot.oe66 (.text:TCP6PrSendOOB)
                  cc955880    000000a0     os.ae66 : task.oe66 (.text:TaskCreate)
                  cc955920    000000a0     stk6_ppp_pppoe.ae66 : tcpprot.oe66 (.text:TcpDrop)
                  cc9559c0    000000a0                         : tcpprot.oe66 (.text:TcpPrCtlError)
                  cc955a60    000000a0                         : tcpprot.oe66 (.text:TcpPrSend)
                  cc955b00    000000a0                         : tcpprot.oe66 (.text:TcpPrSendOOB)
                  cc955ba0    000000a0                         : timer.oe66 (.text:TimerNew)
                  cc955c40    000000a0     nettool.ae66 : config.oe66 (.text:_CfgRelease)
                  cc955ce0    000000a0     stk6_ppp_pppoe.ae66 : lli.oe66 (.text:_LLITimeoutFlush)
                  cc955d80    000000a0     rts6600_elf.lib : remu.obj (.text:__remu)
                  cc955e20    000000a0     boot.ae66 : boot.oe66 (.text:_c_int00)
                  cc955ec0    000000a0     rts6600_elf.lib : fopen.obj (.text:_cleanup)
                  cc955f60    000000a0                     : _printfi.obj (.text:_ecpy)
                  cc956000    000000a0                     : _printfi.obj (.text:_fcpy)
                  cc9560a0    000000a0                     : _printfi.obj (.text:_pconv_f)
                  cc956140    000000a0     stk6_ppp_pppoe.ae66 : auth.oe66 (.text:authStart)
                  cc9561e0    000000a0     ti.drv.cppi.ae66 : cppi_heap.oe66 (.text:cppi_internal_heap_malloc)
                  cc956280    000000a0                      : cppi_listlib.oe66 (.text:cppi_list_cat)
                  cc956320    000000a0     nettool.ae66 : dhcpbild.oe66 (.text:dhcpBuildDecline)
                  cc9563c0    000000a0                  : dhcpsm.oe66 (.text:dhcpIPRemove)
                  cc956460    000000a0     os.ae66 : efs.oe66 (.text:efs_filesend)
                  cc956500    000000a0     stk6_ppp_pppoe.ae66 : fileuser.oe66 (.text:fdCloseSession)
                  cc9565a0    000000a0     rts6600_elf.lib : lowlev.obj (.text:finddevice)
                  cc956640    000000a0     stk6_ppp_pppoe.ae66 : lcp.oe66 (.text:lcpInit)
                  cc9566e0    000000a0                         : lcp.oe66 (.text:lcpSendTerm)
                  cc956780    000000a0     hal_timer_bios.ae66 : lltimer.oe66 (.text:llTimerTick)
                  cc956820    000000a0     rts6600_elf.lib : lowlev.obj (.text:lseek)
                  cc9568c0    000000a0                     : memcpy64.obj (.text:memcpy)
                  cc956960    000000a0     os.ae66 : mem.oe66 (.text:mmBulkFree)
                  cc956a00    000000a0             : mem.oe66 (.text:mmInitPage)
                  cc956aa0    000000a0     ti.drv.pa.ae66 : pa.oe66 (.text:pa_format_fcmd_header)
                  cc956b40    000000a0                    : pa.oe66 (.text:pa_pdsp_run)
                  cc956be0    000000a0     os.ae66 : ossys.oe66 (.text:stricmp)
                  cc956c80    000000a0     rts6600_elf.lib : strstr.obj (.text:strstr)
                  cc956d20    000000a0     sysbios.ae66 : BIOS.obj (.text:ti_sysbios_family_c64p_Exception_Module_startup__F)
                  cc956dc0    000000a0                  : BIOS.obj (.text:ti_sysbios_heaps_HeapMem_init__I)
                  cc956e60    000000a0     app_pe66.oe66 (.text:ti_sysbios_knl_Clock_Object__create__S)
                  cc956f00    000000a0     sysbios.ae66 : BIOS.obj (.text:ti_sysbios_knl_Idle_run__E)
                  cc956fa0    000000a0                  : BIOS.obj (.text:ti_sysbios_knl_Task_deleteTerminatedTasksFunc__I)
                  cc957040    000000a0                  : BIOS.obj (.text:ti_sysbios_utils_Load_swiBeginHook__E)
                  cc9570e0    000000a0     ti.uia.runtime.ae66 : LoggerCircBuf.oe66 (.text:ti_uia_runtime_LoggerCircBuf_readBlockOfMemory__I)
                  cc957180    000000a0     rts6600_elf.lib : lowlev.obj (.text:write)
                  cc957220    000000a0     ti.targets.rts6000.ae66 : Assert.oe66 (.text:xdc_runtime_Assert_raise__I)
                  cc9572c0    000000a0                             : LoggerBuf.oe66 (.text:xdc_runtime_LoggerBuf_Module_startup__F)
                  cc957360    000000a0                             : Text.oe66 (.text:xdc_runtime_Text_xprintf__I)
                  cc957400    00000080     ti.drv.cppi.ae66 : cppi_drv.oe66 (.text:Cppi_setCpdmaLoopback)
                  cc957480    00000080     stk6_ppp_pppoe.ae66 : md5.oe66 (.text:Decode)
                  cc957500    00000080                         : icmp.oe66 (.text:ICMPChecksum)
                  cc957580    00000080                         : icmpv6in.oe66 (.text:ICMPv6RecvParamProblem)
                  cc957600    00000080                         : icmpv6_ndisc.oe66 (.text:ICMPv6RecvRS)
                  cc957680    00000080                         : icmpv6in.oe66 (.text:ICMPv6RecvTimeExceeded)
                  cc957700    00000080                         : ipv6out.oe66 (.text:IPv6GetRoute)
                  cc957780    00000080                         : lli6.oe66 (.text:LLI6Free)
                  cc957800    00000080                         : lli6.oe66 (.text:LLI6IsRouterStatMachine)
                  cc957880    00000080     netctrl.ae66 : netctrl.oe66 (.text:NC_SystemClose)
                  cc957900    00000080     stk6_ppp_pppoe.ae66 : nimu.oe66 (.text:NIMUInit)
                  cc957980    00000080                         : pbm.oe66 (.text:PBMQ_deq)
                  cc957a00    00000080                         : nimuppp.oe66 (.text:PPPSend)
                  cc957a80    00000080     ti.drv.pa.ae66 : painit.oe66 (.text:Pa_getBufferReq)
                  cc957b00    00000080     stk6_ppp_pppoe.ae66 : pipe.oe66 (.text:PipeClose)
                  cc957b80    00000080     ti.drv.qmss.ae66 : qmss_drv.oe66 (.text:Qmss_getMemRegQueueHandle)
                  cc957c00    00000080                      : qmss_drv.oe66 (.text:Qmss_queueOpen)
                  cc957c80    00000080     stk6_ppp_pppoe.ae66 : rawethsock.oe66 (.text:RawEthSockClose)
                  cc957d00    00000080                         : rawethsock_pcb.oe66 (.text:RawEthSockPcbDetach)
                  cc957d80    00000080                         : route6.oe66 (.text:Rt6Update)
                  cc957e00    00000080                         : route.oe66 (.text:RtSetFailure)
                  cc957e80    00000080                         : route.oe66 (.text:RtSetTimeout)
                  cc957f00    00000080                         : sock6.oe66 (.text:Sock6Bind)
                  cc957f80    00000080                         : sock6pcb.oe66 (.text:Sock6PcbCleanup)
                  cc958000    00000080                         : sock.oe66 (.text:SockGetName)
                  cc958080    00000080                         : sockpcb.oe66 (.text:SockPcbCleanup)
                  cc958100    00000080                         : sockpcb.oe66 (.text:SockPcbDetach)
                  cc958180    00000080                         : tcp6prot.oe66 (.text:TCP6PrListen)
                  cc958200    00000080     os.ae66 : task.oe66 (.text:TaskSetEnv)
                  cc958280    00000080     stk6_ppp_pppoe.ae66 : tcpprot.oe66 (.text:TcpPrListen)
                  cc958300    00000080                         : timer.oe66 (.text:TimerHSTick)
                  cc958380    00000080                         : timer.oe66 (.text:TimerListRemove)
                  cc958400    00000080     Tronlong.DSP.C6678.Platform.le66 : evm66x_i2c.obj (.text)
                  cc958480    00000080     nettool.ae66 : config.oe66 (.text:_CfgAcquire)
                  cc958500    00000080     stk6_ppp_pppoe.ae66 : lli.oe66 (.text:_LLIExpListRemove)
                  cc958580    00000080                         : rtc.oe66 (.text:_RTCSendRtAdv)
                  cc958600    00000080                         : rtable.oe66 (.text:_RtExpListRemove)
                  cc958680    00000080     rts6600_elf.lib : llshift.obj (.text:__c6xabi_llshl)
                  cc958700    00000080     sysbios.ae66 : c62_TaskSupport_asm.obj (.text:_ti_sysbios_family_c62_TaskSupport_swap__E)
                  cc958780    00000080     ti.drv.cppi.ae66 : cppi_heap.oe66 (.text:cppi_internal_heap_cache_begin)
                  cc958800    00000080                      : cppi_listlib.oe66 (.text:cppi_list_remove)
                  cc958880    00000080     nettool.ae66 : dhcpsock.oe66 (.text:dhcpSocketClose)
                  cc958900    00000080     os.ae66 : efs.oe66 (.text:efs_fclose)
                  cc958980    00000080             : efs.oe66 (.text:efs_findfile)
                  cc958a00    00000080     stk6_ppp_pppoe.ae66 : file.oe66 (.text:fdint_waitevent)
                  cc958a80    00000080     nettool.ae66 : httpsend.oe66 (.text:httpSendEntityLength)
                  cc958b00    00000080                  : httpsend.oe66 (.text:httpSendErrorResponse)
                  cc958b80    00000080     hal_timer_bios.ae66 : lltimer.oe66 (.text:llTimerGetTime)
                  cc958c00    00000080     app_pe66.oe66 (.text:malloc)
                  cc958c80    00000080     ti.drv.pa.ae66 : pa.oe66 (.text:pa_uint8_match)
                  cc958d00    00000080     rts6600_elf.lib : trgmsg.obj (.text:readmsg)
                  cc958d80    00000080     nettool.ae66 : httpsend.oe66 (.text:strcat)
                  cc958e00    00000080     rts6600_elf.lib : strncpy.obj (.text:strncpy)
                  cc958e80    00000080     ti.drv.pa.ae66 : pa.oe66 (.text:swizFcmd)
                  cc958f00    00000080     app_pe66.oe66 (.text:ti_sysbios_BIOS_exitFunc__I)
                  cc958f80    00000080     sysbios.ae66 : BIOS.obj (.text:ti_sysbios_family_c62_TaskSupport_start__E)
                  cc959000    00000080                  : BIOS.obj (.text:ti_sysbios_family_c64p_Hwi_dispatchC__I)
                  cc959080    00000080                  : BIOS.obj (.text:ti_sysbios_family_c64p_Hwi_eventMap__E)
                  cc959100    00000080                  : BIOS.obj (.text:ti_sysbios_family_c64p_Hwi_getStackInfo__E)
                  cc959180    00000080     app_pe66.oe66 (.text:ti_sysbios_gates_GateHwi_Object__create__S)
                  cc959200    00000080     app_pe66.oe66 (.text:ti_sysbios_gates_GateMutex_Object__create__S)
                  cc959280    00000080     sysbios.ae66 : BIOS.obj (.text:ti_sysbios_hal_Hwi_checkStack:ti_sysbios_hal_Hwi_checkStack)
                  cc959300    00000080                  : BIOS.obj (.text:ti_sysbios_hal_Hwi_initStack:ti_sysbios_hal_Hwi_initStack)
                  cc959380    00000080     app_pe66.oe66 (.text:ti_sysbios_heaps_HeapMem_Object__create__S)
                  cc959400    00000080     app_pe66.oe66 (.text:ti_sysbios_knl_Clock_doTick__I)
                  cc959480    00000080     app_pe66.oe66 (.text:ti_sysbios_knl_Queue_Object__create__S)
                  cc959500    00000080     app_pe66.oe66 (.text:ti_sysbios_knl_Semaphore_Object__create__S)
                  cc959580    00000080     sysbios.ae66 : BIOS.obj (.text:ti_sysbios_knl_Semaphore_pendTimeout__I)
                  cc959600    00000080                  : BIOS.obj (.text:ti_sysbios_knl_Task_restore__E)
                  cc959680    00000080                  : BIOS.obj (.text:ti_sysbios_timers_timer64_Timer_getPeriod__E)
                  cc959700    00000080                  : BIOS.obj (.text:ti_sysbios_utils_Load_hwiEndHook__E)
                  cc959780    00000080                  : BIOS.obj (.text:ti_sysbios_utils_Load_swiEndHook__E)
                  cc959800    00000080     ti.uia.runtime.ae66 : LoggerCircBuf.oe66 (.text:ti_uia_runtime_LoggerCircBuf_disable__E)
                  cc959880    00000080                         : LoggerCircBuf.oe66 (.text:ti_uia_runtime_LoggerCircBuf_enable__E)
                  cc959900    00000080                         : LoggerCircBuf.oe66 (.text:ti_uia_runtime_LoggerCircBuf_filterOutEvent__I)
                  cc959980    00000080                         : LoggerCircBuf.oe66 (.text:ti_uia_runtime_LoggerCircBuf_reset__F)
                  cc959a00    00000080     rts6600_elf.lib : lowlev.obj (.text:unlink)
                  cc959a80    00000080     ti.targets.rts6000.ae66 : Core-label.oe66 (.text:xdc_runtime_Core_assignLabel__I)
[...]
cc95ecc0   xdc_runtime_System_SupportProxy_ready__E
cc95ece0   xdc_runtime_System_Module_GateProxy_enter__E
cc95ed00   xdc_runtime_System_Module_GateProxy_leave__E
cc95ed20   xdc_runtime_System_Module_startup__E
cc95ed20   xdc_runtime_System_Module_startup__F
cc95ed40   xdc_runtime_System_exit__E
cc95ed40   xdc_runtime_System_exit__F
cc95ed60   xdc_runtime_System_lastFxn__I
cc95ed80   xdc_runtime_System_snprintf_va__E
cc95ed80   xdc_runtime_System_snprintf_va__F
cc95ed80   xdc_runtime_System_vsnprintf__E
cc95ed80   xdc_runtime_System_vsnprintf__F
cc95eda0   xdc_runtime_Text_visitRope__I
cc95edc0   xdc_runtime_Timestamp_Module__startupDone__S
cc95ede0   gCppiCfg
cc95ee00   ti_ndk_config_Global_pBufMem
cc9ace00   ti_ndk_config_Global_pHdrMem
cc9b1900   gHostDesc
cc9d1900   nimuGlobalConfigParams
cc9d1910   gTxCmdReturnQHnd
cc9d1918   gTxCmdFreeQHnd
cc9d1920   coreKey
cc9d1940   g_qcountISR
cc9d9940   g_qcountAmeISR
cc9e1940   ti_ndk_config_Global_pit
cc9e1b00   ti_ndk_config_Global_pitBuffer
cc9edb00   ti_sysbios_family_c64p_Hwi_Instance_State_0_hookEnv__A
cc9edb08   ti_sysbios_family_c64p_Hwi_Instance_State_1_hookEnv__A
cc9edb10   ti_sysbios_family_c64p_Hwi_Instance_State_2_hookEnv__A
cc9edb18   ti_sysbios_family_c64p_Hwi_Instance_State_3_hookEnv__A
cc9edb20   ti_sysbios_family_c64p_Hwi_Instance_State_4_hookEnv__A
cc9edb28   ti_sysbios_knl_Swi_Instance_State_0_hookEnv__A
cc9edb30   ti_sysbios_knl_Task_Instance_State_0_hookEnv__A
cc9edb40   ti_sysbios_knl_Task_Instance_State_1_hookEnv__A
cc9edb50   ti_sysbios_knl_Task_Instance_State_2_hookEnv__A
cc9edb60   ti_uia_runtime_LoggerCircBuf_Instance_State_0_bufferArray__A
cc9edde0   ti_uia_runtime_LoggerCircBuf_Instance_State_1_bufferArray__A
cc9ee260   ti_uia_runtime_LoggerCircBuf_Instance_State_2_bufferArray__A
cc9ee6e0   ti_uia_runtime_LoggerCircBuf_Instance_State_3_bufferArray__A
cc9ee960   xdc_runtime_LoggerBuf_Instance_State_0_entryArr__A
cc9ef160   xdc_runtime_LoggerBuf_Instance_State_1_entryArr__A
cc9effc0   _tmpnams
cc9f0100   qmssLObj
cc9f0408   IPV6_LINKLOCALMASK
cc9f0418   IPV6_MULTICASTMASK
cc9f0428   IPV6_UNSPECIFIED_ADDRESS
cc9f0438   IPV6_LOOPBACK_ADDRESS
cc9f0448   IPV6_HOST_MASK
cc9f0458   IPV6_ALL_NODES_ADDRESS
cc9f0468   IPV6_ALL_ROUTER_ADDRESS
cc9f0478   ipv6mcb
cc9f04d0   tcps
cc9f0588   tpseudo
cc9f0594   tcp6_stats
cc9f064c   raweth_pcb
cc9f0650   _ICMPIn
cc9f06a0   _ICMPOut
cc9f06ec   gPlatformInfo
cc9f0780   BlockMax
cc9f07a0   BlockCount
cc9f07c0   PageMax
cc9f07e0   PageCount
cc9f07fc   ips
cc9f0864   nimu_mcb
cc9f08c8   gI2cBlock
cc9f090c   udps
cc9f0930   upseudo
cc9f093c   vlan_mcb
cc9f0964   udp6_stats
cc9f0990   ti_ndk_config_Global_Id2Size
cc9f09ac   icmp6stats
cc9f09c4   PBMQ_free
cc9f09e4   stkEvent
cc9f09f4   raws
cc9f0a04   raw6_stats
cc9f0a14   raweths
cc9f0a30   xdc_runtime_Text_charTab__A
cc9f2c30   c1
cc9f49f8   m
cc9f62a8   c2
cc9f7d18   acc48_le
cc9f8860   ti_sysbios_family_c66_Cache_marvalues__C
cc9f9378   xdc_runtime_Text_nodeTab__A
cc9f990e   ti_sysbios_BIOS_Module__id__C
cc9f9910   _ctypes_
cc9fa336   ti_sysbios_family_c64p_EventCombiner_Module__id__C
cc9fa338   pap_pdsp_const_reg_map
cc9fa398   ti_uia_runtime_LoggerCircBuf_Module__FXNS__C
cc9fa452   ti_sysbios_family_c64p_Exception_Module__id__C
cc9fa670   Code2Err
cc9fa762   ti_sysbios_family_c64p_Exception_useInternalBuffer__C
cc9fa768   ti_sysbios_knl_Task_hooks__A
cc9fa87a   ti_sysbios_family_c64p_Hwi_Module__id__C
cc9fa8fa   ti_sysbios_family_c64p_Hwi_Module__loggerDefined__C
cc9fa8fc   ti_sysbios_knl_Task_Object__PARAMS__C
cc9fa938   xdc_runtime_LoggerBuf_Module__FXNS__C
cc9fa974   ti_sysbios_BIOS_Module__diagsEnabled__C
cc9fa978   xdc_runtime_Startup_sfxnTab__A
cc9faa26   ti_sysbios_gates_GateMutex_Module__id__C
cc9faa28   ti_uia_runtime_LoggerCircBuf_Object__PARAMS__C
cc9faaee   ti_sysbios_hal_Hwi_Module__id__C
cc9fab1c   ti_sysbios_BIOS_Module__diagsIncluded__C
cc9fabc0   ti_sysbios_heaps_HeapMem_Module__FXNS__C
cc9fabe8   xdc_runtime_LoggerBuf_Object__PARAMS__C
cc9fac38   ti_sysbios_gates_GateHwi_Module__FXNS__C
cc9fac5c   ti_sysbios_gates_GateMutex_Module__FXNS__C
cc9fac80   ti_sysbios_heaps_HeapMem_Object__PARAMS__C
cc9faca4   ti_sysbios_knl_Clock_Object__PARAMS__C
cc9facc8   ti_sysbios_knl_Semaphore_Object__PARAMS__C
cc9fad10   ti_sysbios_gates_GateHwi_Object__DESC__C
cc9fad30   ti_sysbios_gates_GateMutex_Object__DESC__C
cc9fad50   ti_sysbios_heaps_HeapMem_Object__DESC__C
cc9fad70   ti_sysbios_knl_Clock_Object__DESC__C
cc9fad90   ti_sysbios_knl_Queue_Object__DESC__C
cc9fadb0   ti_sysbios_knl_Semaphore_Object__DESC__C
cc9fadd0   ti_sysbios_knl_Task_Object__DESC__C
cc9fadf0   ti_uia_runtime_LoggerCircBuf_Object__DESC__C
cc9fae10   xdc_runtime_LoggerBuf_Object__DESC__C
cc9fae6c   ti_sysbios_BIOS_Module__diagsMask__C
cc9fae70   xdc_runtime_Startup_sfxnRts__A
cc9faeac   ti_sysbios_BIOS_installedErrorHook__C
cc9faf28   ti_sysbios_gates_GateHwi_Object__PARAMS__C
cc9faf40   ti_sysbios_gates_GateMutex_Object__PARAMS__C
cc9faf58   ti_sysbios_knl_Queue_Object__PARAMS__C
cc9faf70   ti_sysbios_knl_Swi_hooks__A
cc9fafb6   ti_sysbios_heaps_HeapMem_Module__id__C
cc9fafb8   ti_sysbios_family_c64p_Hwi_hooks__A
cc9fb022   ti_sysbios_knl_Clock_Module__id__C
cc9fb024   ti_sysbios_family_c62_TaskSupport_stackAlignment__C
cc9fb028   paMemAligns
cc9fb038   ti_sysbios_family_c64p_EventCombiner_EVTMASK__C
cc9fb056   ti_sysbios_knl_Clock_Module__loggerDefined__C
cc9fb064   ti_sysbios_family_c66_Cache_initSize__C
cc9fb070   ti_sysbios_knl_Idle_coreList__A
cc9fb07c   ti_sysbios_family_c64p_EventCombiner_E_unpluggedEvent__C
cc9fb080   ti_sysbios_knl_Idle_funcList__A
cc9fb0a8   ti_sysbios_family_c64p_Hwi_hooks__C
cc9fb0b0   ti_sysbios_knl_Idle_coreList__C
cc9fb0b8   ti_sysbios_knl_Idle_funcList__C
cc9fb0c0   ti_sysbios_knl_Swi_hooks__C
cc9fb0c8   ti_sysbios_knl_Task_hooks__C
cc9fb0d0   xdc_runtime_Startup_firstFxns__A
cc9fb0d8   xdc_runtime_Startup_firstFxns__C
cc9fb0e0   xdc_runtime_Startup_lastFxns__A
cc9fb0e8   xdc_runtime_Startup_lastFxns__C
cc9fb0f6   ti_sysbios_knl_Semaphore_Module__id__C
cc9fb0fe   ti_sysbios_knl_Semaphore_Module__loggerDefined__C
cc9fb106   ti_sysbios_knl_Swi_Module__id__C
cc9fb108   ti_sysbios_family_c64p_Exception_E_exceptionMax__C
cc9fb10c   ti_sysbios_family_c64p_Exception_exceptionHook__C
cc9fb110   ti_sysbios_family_c64p_Exception_externalHook__C
cc9fb114   ti_sysbios_family_c64p_Exception_internalHook__C
cc9fb118   ti_sysbios_family_c64p_Exception_nmiHook__C
cc9fb11c   ti_sysbios_family_c64p_Hwi_LD_end__C
cc9fb120   ti_sysbios_family_c64p_Hwi_LM_begin__C
cc9fb124   ti_sysbios_family_c64p_Hwi_Module__diagsEnabled__C
cc9fb128   ti_sysbios_family_c64p_Hwi_Module__diagsIncluded__C
cc9fb12c   ti_sysbios_family_c64p_Hwi_Module__diagsMask__C
cc9fb130   ti_sysbios_family_c64p_Hwi_Module__loggerFxn1__C
cc9fb134   ti_sysbios_family_c64p_Hwi_Module__loggerFxn8__C
cc9fb138   ti_sysbios_family_c64p_Hwi_Module__loggerObj__C
cc9fb13c   ti_sysbios_family_c66_Cache_atomicBlockSize__C
cc9fb140   ti_sysbios_gates_GateMutex_A_badContext__C
cc9fb144   ti_sysbios_gates_GateMutex_Instance_State_sem__O
cc9fb148   ti_sysbios_gates_GateMutex_Module__diagsEnabled__C
cc9fb14c   ti_sysbios_gates_GateMutex_Module__diagsIncluded__C
cc9fb150   ti_sysbios_gates_GateMutex_Module__diagsMask__C
cc9fb154   ti_sysbios_hal_Hwi_E_stackOverflow__C
cc9fb158   ti_sysbios_heaps_HeapMem_A_align__C
cc9fb15c   ti_sysbios_heaps_HeapMem_A_heapSize__C
cc9fb160   ti_sysbios_heaps_HeapMem_A_invalidFree__C
cc9fb164   ti_sysbios_heaps_HeapMem_A_zeroBlock__C
cc9fb168   ti_sysbios_heaps_HeapMem_E_memory__C
cc9fb16c   ti_sysbios_heaps_HeapMem_Module__diagsEnabled__C
cc9fb170   ti_sysbios_heaps_HeapMem_Module__diagsIncluded__C
cc9fb174   ti_sysbios_heaps_HeapMem_Module__diagsMask__C
cc9fb178   ti_sysbios_heaps_HeapMem_Module__gateObj__C
cc9fb17c   ti_sysbios_heaps_HeapMem_Object__count__C
cc9fb180   ti_sysbios_heaps_HeapMem_reqAlign__C
cc9fb184   ti_sysbios_knl_Clock_A_badThreadType__C
cc9fb188   ti_sysbios_knl_Clock_LM_begin__C
cc9fb18c   ti_sysbios_knl_Clock_LM_tick__C
cc9fb190   ti_sysbios_knl_Clock_LW_delayed__C
cc9fb194   ti_sysbios_knl_Clock_Module_State_clockQ__O
cc9fb198   ti_sysbios_knl_Clock_Module__diagsEnabled__C
cc9fb19c   ti_sysbios_knl_Clock_Module__diagsIncluded__C
cc9fb1a0   ti_sysbios_knl_Clock_Module__diagsMask__C
cc9fb1a4   ti_sysbios_knl_Clock_Module__loggerFxn1__C
cc9fb1a8   ti_sysbios_knl_Clock_Module__loggerFxn2__C
cc9fb1ac   ti_sysbios_knl_Clock_Module__loggerObj__C
cc9fb1b0   ti_sysbios_knl_Semaphore_A_badContext__C
cc9fb1b4   ti_sysbios_knl_Semaphore_A_noEvents__C
cc9fb1b8   ti_sysbios_knl_Semaphore_A_overflow__C
cc9fb1bc   ti_sysbios_knl_Semaphore_A_pendTaskDisabled__C
cc9fb1c0   ti_sysbios_knl_Semaphore_Instance_State_pendQ__O
cc9fb1c4   ti_sysbios_knl_Semaphore_LM_pend__C
cc9fb1c8   ti_sysbios_knl_Semaphore_LM_post__C
cc9fb1cc   ti_sysbios_knl_Semaphore_Module__diagsEnabled__C
cc9fb1d0   ti_sysbios_knl_Semaphore_Module__diagsIncluded__C
cc9fb1d4   ti_sysbios_knl_Semaphore_Module__diagsMask__C
cc9fb1d8   ti_sysbios_knl_Semaphore_Module__loggerFxn2__C
cc9fb1dc   ti_sysbios_knl_Semaphore_Module__loggerFxn4__C
cc9fb1e0   ti_sysbios_knl_Semaphore_Module__loggerObj__C
cc9fb1e4   ti_sysbios_knl_Swi_LD_end__C
cc9fb1e8   ti_sysbios_knl_Swi_LM_begin__C
cc9fb1ec   ti_sysbios_knl_Swi_LM_post__C
cc9fb1f0   ti_sysbios_knl_Swi_Module__diagsEnabled__C
cc9fb1f4   ti_sysbios_knl_Swi_Module__diagsIncluded__C
cc9fb1f8   ti_sysbios_knl_Swi_Module__diagsMask__C
cc9fb1fc   ti_sysbios_knl_Swi_Module__loggerFxn1__C
cc9fb200   ti_sysbios_knl_Swi_Module__loggerFxn4__C
cc9fb204   ti_sysbios_knl_Swi_Module__loggerObj__C
cc9fb208   ti_sysbios_knl_Swi_Object__count__C
cc9fb20c   ti_sysbios_knl_Swi_numConstructedSwis__C
cc9fb210   ti_sysbios_knl_Task_A_badPriority__C
cc9fb214   ti_sysbios_knl_Task_A_badTaskState__C
cc9fb218   ti_sysbios_knl_Task_A_badThreadType__C
cc9fb21c   ti_sysbios_knl_Task_A_badTimeout__C
cc9fb220   ti_sysbios_knl_Task_A_noPendElem__C
cc9fb224   ti_sysbios_knl_Task_A_sleepTaskDisabled__C
cc9fb228   ti_sysbios_knl_Task_E_deleteNotAllowed__C
cc9fb22c   ti_sysbios_knl_Task_E_spOutOfBounds__C
cc9fb230   ti_sysbios_knl_Task_E_stackOverflow__C
cc9fb234   ti_sysbios_knl_Task_LD_block__C
cc9fb238   ti_sysbios_knl_Task_LD_exit__C
cc9fb23c   ti_sysbios_knl_Task_LD_ready__C
cc9fb240   ti_sysbios_knl_Task_LM_setPri__C
cc9fb244   ti_sysbios_knl_Task_LM_sleep__C
cc9fb248   ti_sysbios_knl_Task_LM_switch__C
cc9fb24c   ti_sysbios_knl_Task_Module_State_inactiveQ__O
cc9fb250   ti_sysbios_knl_Task_Module_State_terminatedQ__O
cc9fb254   ti_sysbios_knl_Task_Module__diagsEnabled__C
cc9fb258   ti_sysbios_knl_Task_Module__diagsIncluded__C
cc9fb25c   ti_sysbios_knl_Task_Module__diagsMask__C
cc9fb260   ti_sysbios_knl_Task_Module__loggerFxn2__C
cc9fb264   ti_sysbios_knl_Task_Module__loggerFxn4__C
cc9fb268   ti_sysbios_knl_Task_Module__loggerObj__C
cc9fb26c   ti_sysbios_knl_Task_Object__count__C
cc9fb270   ti_sysbios_knl_Task_Object__heap__C
cc9fb274   ti_sysbios_knl_Task_allBlockedFunc__C
cc9fb278   ti_sysbios_knl_Task_defaultStackHeap__C
cc9fb27c   ti_sysbios_knl_Task_defaultStackSize__C
cc9fb280   ti_sysbios_knl_Task_numConstructedTasks__C
cc9fb284   ti_sysbios_timers_timer64_Timer_A_notAvailable__C
cc9fb288   ti_sysbios_timers_timer64_Timer_E_cannotSupport__C
cc9fb28c   ti_sysbios_timers_timer64_Timer_Module__diagsEnabled__C
cc9fb290   ti_sysbios_timers_timer64_Timer_Module__diagsIncluded__C
cc9fb294   ti_sysbios_timers_timer64_Timer_Module__diagsMask__C
cc9fb298   ti_sysbios_timers_timer64_Timer_anyMask__C
cc9fb29c   ti_sysbios_timers_timer64_Timer_freqDivisor__C
cc9fb2a0   ti_sysbios_timers_timer64_Timer_numLocalTimers__C
cc9fb2a4   ti_sysbios_timers_timer64_Timer_numTimerDevices__C
cc9fb2a8   ti_sysbios_utils_Load_LS_cpuLoad__C
cc9fb2ac   ti_sysbios_utils_Load_LS_hwiLoad__C
cc9fb2b0   ti_sysbios_utils_Load_LS_swiLoad__C
cc9fb2b4   ti_sysbios_utils_Load_LS_taskLoad__C
cc9fb2b8   ti_sysbios_utils_Load_Module_State_taskList__O
cc9fb2bc   ti_sysbios_utils_Load_Module__diagsEnabled__C
cc9fb2c0   ti_sysbios_utils_Load_Module__diagsIncluded__C
cc9fb2c4   ti_sysbios_utils_Load_Module__diagsMask__C
cc9fb2c8   ti_sysbios_utils_Load_Module__loggerFxn1__C
cc9fb2cc   ti_sysbios_utils_Load_Module__loggerFxn2__C
cc9fb2d0   ti_sysbios_utils_Load_Module__loggerFxn4__C
cc9fb2d4   ti_sysbios_utils_Load_Module__loggerObj__C
cc9fb2d8   ti_sysbios_utils_Load_postUpdate__C
cc9fb2dc   ti_sysbios_utils_Load_windowInMs__C
cc9fb2e0   ti_uia_family_c66_TimestampC66XGlobal_timerBaseAdrs__C
cc9fb2e4   ti_uia_runtime_ILoggerSnapshot_Interface__BASE__C
cc9fb2e8   ti_uia_runtime_IUIATransfer_Interface__BASE__C
cc9fb2ec   ti_uia_runtime_LoggerCircBuf_E_badLevel__C
cc9fb2f0   ti_uia_runtime_LoggerCircBuf_Object__count__C
cc9fb2f4   ti_uia_runtime_LoggerCircBuf_overflowLogger__C
cc9fb2f8   ti_uia_runtime_LoggerCircBuf_statusLogger__C
cc9fb2fc   xdc_runtime_Assert_E_assertFailed__C
cc9fb300   xdc_runtime_Core_A_initializedParams__C
cc9fb304   xdc_runtime_Core_Module__diagsEnabled__C
cc9fb308   xdc_runtime_Core_Module__diagsIncluded__C
cc9fb30c   xdc_runtime_Core_Module__diagsMask__C
cc9fb310   xdc_runtime_Error_E_memory__C
cc9fb314   xdc_runtime_Error_Module__diagsEnabled__C
cc9fb318   xdc_runtime_Error_Module__diagsIncluded__C
cc9fb31c   xdc_runtime_Error_Module__diagsMask__C
cc9fb320   xdc_runtime_Error_Module__loggerFxn8__C
cc9fb324   xdc_runtime_Error_Module__loggerObj__C
cc9fb328   xdc_runtime_Error_policy__C
cc9fb32c   xdc_runtime_Error_raiseHook__C
cc9fb330   xdc_runtime_IFilterLogger_Interface__BASE__C
cc9fb334   xdc_runtime_IGateProvider_Interface__BASE__C
cc9fb338   xdc_runtime_IHeap_Interface__BASE__C
cc9fb33c   xdc_runtime_ILogger_Interface__BASE__C
cc9fb340   xdc_runtime_IModule_Interface__BASE__C
cc9fb344   xdc_runtime_Log_L_error__C
cc9fb348   xdc_runtime_LoggerBuf_E_badLevel__C
cc9fb34c   xdc_runtime_LoggerBuf_Module__gateObj__C
cc9fb350   xdc_runtime_LoggerBuf_Object__count__C
cc9fb354   xdc_runtime_LoggerBuf_statusLogger__C
cc9fb358   xdc_runtime_Memory_defaultHeapInstance__C
cc9fb35c   xdc_runtime_Startup_execImpl__C
cc9fb360   xdc_runtime_Startup_maxPasses__C
cc9fb364   xdc_runtime_Startup_sfxnRts__C
cc9fb368   xdc_runtime_Startup_sfxnTab__C
cc9fb36c   xdc_runtime_System_Module__gateObj__C
cc9fb370   xdc_runtime_System_extendFxn__C
cc9fb374   xdc_runtime_System_maxAtexitHandlers__C
cc9fb378   xdc_runtime_Text_charTab__C
cc9fb37c   xdc_runtime_Text_nameEmpty__C
cc9fb380   xdc_runtime_Text_nameStatic__C
cc9fb384   xdc_runtime_Text_nameUnknown__C
cc9fb388   xdc_runtime_Text_nodeTab__C
cc9fb38c   xdc_runtime_Text_visitRopeFxn__C
cc9fb390   ti_sysbios_knl_Swi_Module__loggerDefined__C
cc9fb392   ti_sysbios_knl_Task_Module__id__C
cc9fb394   ti_sysbios_knl_Task_Module__loggerDefined__C
cc9fb396   ti_sysbios_knl_Task_initStackFlag__C
cc9fb398   ti_sysbios_timers_timer64_Timer_Module__id__C
cc9fb39a   ti_sysbios_timers_timer64_Timer_startupNeeded__C
cc9fb39c   ti_sysbios_utils_Load_Module__id__C
cc9fb39e   ti_sysbios_utils_Load_Module__loggerDefined__C
cc9fb3a0   ti_sysbios_utils_Load_autoAddTasks__C
cc9fb3a2   ti_sysbios_utils_Load_hwiEnabled__C
cc9fb3a4   ti_sysbios_utils_Load_updateInIdle__C
cc9fb3a6   ti_uia_runtime_LoggerCircBuf_Module__id__C
cc9fb3a8   ti_uia_runtime_LoggerCircBuf_filterByLevel__C
cc9fb3aa   ti_uia_runtime_LoggerCircBuf_isTimestampEnabled__C
cc9fb3ac   xdc_runtime_Core_Module__id__C
cc9fb3ae   xdc_runtime_Error_Module__loggerDefined__C
cc9fb3b0   xdc_runtime_Error_maxDepth__C
cc9fb3b2   xdc_runtime_LoggerBuf_Module__id__C
cc9fb3b4   xdc_runtime_LoggerBuf_filterByLevel__C
cc9fb3b6   xdc_runtime_Memory_Module__id__C
cc9fb3b8   xdc_runtime_Text_charCnt__C
cc9fb3ba   xdc_runtime_Text_isLoaded__C
cc9fb3bc   xdc_runtime_Text_registryModsLastId__C
cc9fb3be   xdc_runtime_Text_unnamedModsLastId__C
cc9fb3c0   ti_sysbios_knl_Task_Instance_State_0_stack__A
cca033c0   ti_sysbios_knl_Task_Instance_State_1_stack__A
cca053c0   ti_sysbios_knl_Task_Instance_State_2_stack__A
cca05c00   queueFree
cca07c00   qmssGObj
cca08000   gPAInst
cca08100   gMemL2Ram
cca084e8   gMemL3Ram
cca094e0   gDeviceNandBBlist
cca0a70c   gDeviceNand
cca0a744   gDeviceNor
cca0a77c   gDeviceEeprom0
cca0a7b4   gDeviceEeprom1
cca0a7f0   emac_port_mode
cca0a800   DebugLog
cca0ae00   gPaTxQHnd
cca0ae28   gTxReturnQHnd
cca0ae30   gTxFreeQHnd
cca0ae38   gRxFreeQHnd
cca0ae40   gRxQHnd
cca0ae48   gPaCfgCmdRespQHnd
cca0ae50   gRxFlowHnd
cca0ae58   gPaL2Handles
cca0ae80   gPaL3Handles
cca0aed0   gPaL4Handles
cca0b080   gHiPriAccumList
cca0b180   gHiPriAccumList2
cca0b280   gAccChannelNum
cca0b284   gTxPort
cca0b288   gTxCounter
cca0b28c   gRxCounter
cca0b290   gTxDropCounter
cca0b294   gRxDropCounter
cca0b618   __TI_STATIC_BASE
cca0b630   _IGMPInDiscard
cca0b634   _IGMPInQuery
cca0b638   _IGMPInQueryGroup
cca0b63c   _IGMPInResponse
cca0b640   _IGMPOutResponse
cca0b678   CONTENT_TYPE_APPLET
cca0b67c   CONTENT_TYPE_AU
cca0b680   CONTENT_TYPE_CSS
cca0b684   CONTENT_TYPE_DOC
cca0b688   CONTENT_TYPE_GIF
cca0b68c   CONTENT_TYPE_HTML
cca0b690   CONTENT_TYPE_JPG
cca0b694   CONTENT_TYPE_MPEG
cca0b698   CONTENT_TYPE_PDF
cca0b69c   CONTENT_TYPE_WAV
cca0b6a0   CONTENT_TYPE_ZIP
cca0b6a4   CONTENT_TYPE
cca0b6a8   CONTENT_LENGTH
cca0b6ac   CRLF
cca0b6b0   DEFAULT_NAME
cca0b6b4   HTTP_VER
cca0b6b8   SPACE
cca0b6bc   PITCount
cca0b6c0   PITUsed
cca0b6c4   PITHigh
cca0b6e0   HostName
cca0b6e4   LocalIPAddr
cca0b6e8   LocalIPMask
cca0b6ec   GatewayIP
cca0b6f0   DomainName
cca0b6f4   DNSServer
cca0b744   g_qcount
cca0b748   g_qcount1
cca0b74c   g_verify_init_count
cca0b77c   _IGMPForceVersion1
cca0b790   platform_errno
cca0b794   platform_init_return_code
cca0b798   DebugLogSize
cca0b79c   DebugCritError
cca0b7a8   _ICMPInErrors
cca0b7ac   _ICMPOutErrors
cca0b7b0   _IPExecuting
cca0b7c0   gFragQList
cca0b7e0   tcp_iss
cca0b7e4   ptTimeFirst
cca0b7e8   pt6TimeFirst
cca0b7ec   tcp6_iss
cca0b7f8   ti_uia_runtime_QueueDescriptor_gPtrToFirstDescriptor
cca0b7fc   ti_uia_runtime_QueueDescriptor_gUpdateCount
cca0b80c   httpErrorResponseHook
cca0b818   _IPReasmPtr
cca0b820   gMLDNodeList
cca0b834   qmssLObjIsValid
cca0b838   IPV6_MAX_MULTICAST_SOLICIT
cca0b83c   IPV6_MAX_UNICAST_SOLICIT
cca0b840   IPV6_RETRANS_TIME
cca0b844   IPV6_DELAY_FIRST_PROBE_TIME
cca0b848   IPV6_REACHABLE_TIME
cca0b84c   IPV6_MAX_RTR_SOLICITATION_DELAY
cca0b850   IPV6_RTR_SOLICITATION_INTERVAL
cca0b854   IPV6_MAX_RTR_SOLICITATIONS
cca0b858   INFINITE_LT
cca0b85c   ti_ndk_config_Global_rawPageSize
cca0b860   ti_ndk_config_Global_rawPageCount
cca0b864   ti_ndk_config_Global_smallest
cca0b868   ti_ndk_config_Global_largest
cca0b86c   ti_ndk_config_Global_numFrameBuf
cca0b870   ti_ndk_config_Global_sizeFrameBuf
cca0b880   cppiObject
cca0ba80   __CIOBUF_
cca0bc00   ti_sysbios_family_c64p_Hwi0
cca0bc00   ti_sysbios_family_c64p_Hwi_int0
cca0bc20   ti_sysbios_family_c64p_Hwi_int1
cca0bc40   ti_sysbios_family_c64p_Hwi_int2
cca0bc60   ti_sysbios_family_c64p_Hwi_int3
cca0bc80   ti_sysbios_family_c64p_Hwi_int4
cca0bca0   ti_sysbios_family_c64p_Hwi_int5
cca0bcc0   ti_sysbios_family_c64p_Hwi_int6
cca0bce0   ti_sysbios_family_c64p_Hwi_int7
cca0bd00   ti_sysbios_family_c64p_Hwi_int8
cca0bd20   ti_sysbios_family_c64p_Hwi_int9
cca0bd40   ti_sysbios_family_c64p_Hwi_int10
cca0bd60   ti_sysbios_family_c64p_Hwi_int11
cca0bd80   ti_sysbios_family_c64p_Hwi_int12
cca0bda0   ti_sysbios_family_c64p_Hwi_int13
cca0bdc0   ti_sysbios_family_c64p_Hwi_int14
cca0bde0   ti_sysbios_family_c64p_Hwi_int15
cca0be00   gGlobalFreeQHnd
cca0be08   gPassCpdmaTxChanHnd
cca0be30   gPassCpdmaRxChanHnd
cca0be90   gPassCpdmaHnd
cca0be94   gPAInstHnd
cca0be98   gQPopErrorCounter
cca0be9c   gQPushErrorCounter
cca0d0dc   __TI_Handler_Table_Base
cca0d0e8   __TI_Handler_Table_Limit
cca0d150   __TI_CINIT_Base
cca0d1d8   __TI_CINIT_Limit
ffffffff   __TI_pprof_out_hndl
ffffffff   __TI_prof_data_size
ffffffff   __TI_prof_data_start
ffffffff   __binit__
ffffffff   __c_args__
ffffffff   binit
UNDEFED    __TI_INITARRAY_Base
UNDEFED    __TI_INITARRAY_Limit

[1719 symbols]
